Component: ARM Compiler 5.06 update 5 (build 528) Tool: armlink [4d35e2]

==============================================================================

Section Cross References

    startup_stm32f407xx.o(RESET) refers to startup_stm32f407xx.o(STACK) for __initial_sp
    startup_stm32f407xx.o(RESET) refers to startup_stm32f407xx.o(.text) for Reset_Handler
    startup_stm32f407xx.o(RESET) refers to stm32f4xx_it.o(i.NMI_Handler) for NMI_Handler
    startup_stm32f407xx.o(RESET) refers to stm32f4xx_it.o(i.HardFault_Handler) for HardFault_Handler
    startup_stm32f407xx.o(RESET) refers to stm32f4xx_it.o(i.MemManage_Handler) for MemManage_Handler
    startup_stm32f407xx.o(RESET) refers to stm32f4xx_it.o(i.BusFault_Handler) for BusFault_Handler
    startup_stm32f407xx.o(RESET) refers to stm32f4xx_it.o(i.UsageFault_Handler) for UsageFault_Handler
    startup_stm32f407xx.o(RESET) refers to port.o(.emb_text) for SVC_Handler
    startup_stm32f407xx.o(RESET) refers to stm32f4xx_it.o(i.DebugMon_Handler) for DebugMon_Handler
    startup_stm32f407xx.o(RESET) refers to cmsis_os2.o(i.SysTick_Handler) for SysTick_Handler
    startup_stm32f407xx.o(RESET) refers to stm32f4xx_it.o(i.CAN1_RX0_IRQHandler) for CAN1_RX0_IRQHandler
    startup_stm32f407xx.o(RESET) refers to stm32f4xx_it.o(i.TIM2_IRQHandler) for TIM2_IRQHandler
    startup_stm32f407xx.o(.text) refers to system_stm32f4xx.o(i.SystemInit) for SystemInit
    startup_stm32f407xx.o(.text) refers to entry.o(.ARM.Collect$$$$00000000) for __main
    main.o(i.HAL_TIM_PeriodElapsedCallback) refers to stm32f4xx_hal.o(i.HAL_IncTick) for HAL_IncTick
    main.o(i.SystemClock_Config) refers to memseta.o(.text) for __aeabi_memclr4
    main.o(i.SystemClock_Config) refers to stm32f4xx_hal_rcc.o(i.HAL_RCC_OscConfig) for HAL_RCC_OscConfig
    main.o(i.SystemClock_Config) refers to stm32f4xx_hal_rcc.o(i.HAL_RCC_ClockConfig) for HAL_RCC_ClockConfig
    main.o(i.main) refers to stm32f4xx_hal.o(i.HAL_Init) for HAL_Init
    main.o(i.main) refers to main.o(i.SystemClock_Config) for SystemClock_Config
    main.o(i.main) refers to gpio.o(i.MX_GPIO_Init) for MX_GPIO_Init
    main.o(i.main) refers to can.o(i.MX_CAN1_Init) for MX_CAN1_Init
    main.o(i.main) refers to usart.o(i.MX_USART2_UART_Init) for MX_USART2_UART_Init
    main.o(i.main) refers to cmsis_os2.o(i.osKernelInitialize) for osKernelInitialize
    main.o(i.main) refers to freertos.o(i.MX_FREERTOS_Init) for MX_FREERTOS_Init
    main.o(i.main) refers to cmsis_os2.o(i.osKernelStart) for osKernelStart
    gpio.o(i.MX_GPIO_Init) refers to memseta.o(.text) for __aeabi_memclr4
    gpio.o(i.MX_GPIO_Init) refers to stm32f4xx_hal_gpio.o(i.HAL_GPIO_WritePin) for HAL_GPIO_WritePin
    gpio.o(i.MX_GPIO_Init) refers to stm32f4xx_hal_gpio.o(i.HAL_GPIO_Init) for HAL_GPIO_Init
    freertos.o(i.MX_FREERTOS_Init) refers to cmsis_os2.o(i.osThreadNew) for osThreadNew
    freertos.o(i.MX_FREERTOS_Init) refers to cmsis_os2.o(i.osEventFlagsNew) for osEventFlagsNew
    freertos.o(i.MX_FREERTOS_Init) refers to freertos.o(.constdata) for .constdata
    freertos.o(i.MX_FREERTOS_Init) refers to freertos.o(i.StartDefaultTask) for StartDefaultTask
    freertos.o(i.MX_FREERTOS_Init) refers to freertos.o(.data) for .data
    freertos.o(i.MX_FREERTOS_Init) refers to freertos.o(i.StartTask02) for StartTask02
    freertos.o(i.StartDefaultTask) refers to user_can_init.o(i.User_Open_Can) for User_Open_Can
    freertos.o(i.StartDefaultTask) refers to config.o(i.Pid_Init_All) for Pid_Init_All
    freertos.o(i.StartDefaultTask) refers to config.o(i.Motor_Type_Init) for Motor_Type_Init
    freertos.o(i.StartDefaultTask) refers to event_groups.o(i.xEventGroupWaitBits) for xEventGroupWaitBits
    freertos.o(i.StartDefaultTask) refers to stm32f4xx_hal_gpio.o(i.HAL_GPIO_WritePin) for HAL_GPIO_WritePin
    freertos.o(i.StartDefaultTask) refers to chassis.o(i.Robot_Wheels_Adjust) for Robot_Wheels_Adjust
    freertos.o(i.StartDefaultTask) refers to cmsis_os2.o(i.osDelay) for osDelay
    freertos.o(i.StartDefaultTask) refers to chassis.o(.bss) for ROBOT_CHASSI
    freertos.o(i.StartDefaultTask) refers to freertos.o(.data) for .data
    freertos.o(i.StartDefaultTask) refers to motor.o(.bss) for MOTO_REAL_INFO
    freertos.o(i.StartTask02) refers to stm32f4xx_hal_gpio.o(i.HAL_GPIO_ReadPin) for HAL_GPIO_ReadPin
    freertos.o(i.StartTask02) refers to cmsis_os2.o(i.osDelay) for osDelay
    freertos.o(i.StartTask02) refers to printfb.o(i.__0printf$bare) for __2printf
    freertos.o(i.StartTask02) refers to event_groups.o(i.xEventGroupSetBits) for xEventGroupSetBits
    freertos.o(i.StartTask02) refers to freertos.o(.data) for .data
    freertos.o(.constdata) refers to freertos.o(.conststring) for .conststring
    can.o(i.HAL_CAN_MspDeInit) refers to stm32f4xx_hal_gpio.o(i.HAL_GPIO_DeInit) for HAL_GPIO_DeInit
    can.o(i.HAL_CAN_MspDeInit) refers to stm32f4xx_hal_cortex.o(i.HAL_NVIC_DisableIRQ) for HAL_NVIC_DisableIRQ
[...]
    i.HAL_CAN_IRQHandler                     0x080008ae   Section        0  stm32f4xx_hal_can.o(i.HAL_CAN_IRQHandler)
    i.HAL_CAN_Init                           0x08000aaa   Section        0  stm32f4xx_hal_can.o(i.HAL_CAN_Init)
    i.HAL_CAN_MspInit                        0x08000bc4   Section        0  can.o(i.HAL_CAN_MspInit)
    i.HAL_CAN_RxFifo0FullCallback            0x08000c40   Section        0  stm32f4xx_hal_can.o(i.HAL_CAN_RxFifo0FullCallback)
    i.HAL_CAN_RxFifo0MsgPendingCallback      0x08000c44   Section        0  user_can_init.o(i.HAL_CAN_RxFifo0MsgPendingCallback)
    i.HAL_CAN_RxFifo1FullCallback            0x08000c80   Section        0  stm32f4xx_hal_can.o(i.HAL_CAN_RxFifo1FullCallback)
    i.HAL_CAN_RxFifo1MsgPendingCallback      0x08000c82   Section        0  stm32f4xx_hal_can.o(i.HAL_CAN_RxFifo1MsgPendingCallback)
    i.HAL_CAN_SleepCallback                  0x08000c84   Section        0  stm32f4xx_hal_can.o(i.HAL_CAN_SleepCallback)
    i.HAL_CAN_Start                          0x08000c86   Section        0  stm32f4xx_hal_can.o(i.HAL_CAN_Start)
    i.HAL_CAN_TxMailbox0AbortCallback        0x08000cdc   Section        0  stm32f4xx_hal_can.o(i.HAL_CAN_TxMailbox0AbortCallback)
    i.HAL_CAN_TxMailbox0CompleteCallback     0x08000cde   Section        0  stm32f4xx_hal_can.o(i.HAL_CAN_TxMailbox0CompleteCallback)
    i.HAL_CAN_TxMailbox1AbortCallback        0x08000ce0   Section        0  stm32f4xx_hal_can.o(i.HAL_CAN_TxMailbox1AbortCallback)
    i.HAL_CAN_TxMailbox1CompleteCallback     0x08000ce2   Section        0  stm32f4xx_hal_can.o(i.HAL_CAN_TxMailbox1CompleteCallback)
    i.HAL_CAN_TxMailbox2AbortCallback        0x08000ce4   Section        0  stm32f4xx_hal_can.o(i.HAL_CAN_TxMailbox2AbortCallback)
    i.HAL_CAN_TxMailbox2CompleteCallback     0x08000ce6   Section        0  stm32f4xx_hal_can.o(i.HAL_CAN_TxMailbox2CompleteCallback)
    i.HAL_CAN_WakeUpFromRxMsgCallback        0x08000ce8   Section        0  stm32f4xx_hal_can.o(i.HAL_CAN_WakeUpFromRxMsgCallback)
    i.HAL_GPIO_Init                          0x08000cec   Section        0  stm32f4xx_hal_gpio.o(i.HAL_GPIO_Init)
    i.HAL_GPIO_ReadPin                       0x08000ebc   Section        0  stm32f4xx_hal_gpio.o(i.HAL_GPIO_ReadPin)
    i.HAL_GPIO_WritePin                      0x08000ec6   Section        0  stm32f4xx_hal_gpio.o(i.HAL_GPIO_WritePin)
    i.HAL_GetTick                            0x08000ed0   Section        0  stm32f4xx_hal.o(i.HAL_GetTick)
    i.HAL_IncTick                            0x08000edc   Section        0  stm32f4xx_hal.o(i.HAL_IncTick)
    i.HAL_Init                               0x08000eec   Section        0  stm32f4xx_hal.o(i.HAL_Init)
    i.HAL_InitTick                           0x08000f20   Section        0  stm32f4xx_hal_timebase_tim.o(i.HAL_InitTick)
    i.HAL_MspInit                            0x08000fb8   Section        0  stm32f4xx_hal_msp.o(i.HAL_MspInit)
    i.HAL_NVIC_EnableIRQ                     0x08000ff0   Section        0  stm32f4xx_hal_cortex.o(i.HAL_NVIC_EnableIRQ)
    i.HAL_NVIC_SetPriority                   0x0800100c   Section        0  stm32f4xx_hal_cortex.o(i.HAL_NVIC_SetPriority)
    i.HAL_NVIC_SetPriorityGrouping           0x0800104c   Section        0  stm32f4xx_hal_cortex.o(i.HAL_NVIC_SetPriorityGrouping)
    i.HAL_RCC_ClockConfig                    0x08001070   Section        0  stm32f4xx_hal_rcc.o(i.HAL_RCC_ClockConfig)
    i.HAL_RCC_GetClockConfig                 0x080011a4   Section        0  stm32f4xx_hal_rcc.o(i.HAL_RCC_GetClockConfig)
    i.HAL_RCC_GetPCLK1Freq                   0x080011e4   Section        0  stm32f4xx_hal_rcc.o(i.HAL_RCC_GetPCLK1Freq)
    i.HAL_RCC_GetPCLK2Freq                   0x08001204   Section        0  stm32f4xx_hal_rcc.o(i.HAL_RCC_GetPCLK2Freq)
    i.HAL_RCC_GetSysClockFreq                0x08001224   Section        0  stm32f4xx_hal_rcc.o(i.HAL_RCC_GetSysClockFreq)
    i.HAL_RCC_OscConfig                      0x08001284   Section        0  stm32f4xx_hal_rcc.o(i.HAL_RCC_OscConfig)
    i.HAL_TIMEx_BreakCallback                0x080015dc   Section        0  stm32f4xx_hal_tim_ex.o(i.HAL_TIMEx_BreakCallback)
    i.HAL_TIMEx_CommutCallback               0x080015de   Section        0  stm32f4xx_hal_tim_ex.o(i.HAL_TIMEx_CommutCallback)
    i.HAL_TIM_Base_Init                      0x080015e0   Section        0  stm32f4xx_hal_tim.o(i.HAL_TIM_Base_Init)
    i.HAL_TIM_Base_MspInit                   0x0800163a   Section        0  stm32f4xx_hal_tim.o(i.HAL_TIM_Base_MspInit)
    i.HAL_TIM_Base_Start_IT                  0x0800163c   Section        0  stm32f4xx_hal_tim.o(i.HAL_TIM_Base_Start_IT)
    i.HAL_TIM_IC_CaptureCallback             0x080016bc   Section        0  stm32f4xx_hal_tim.o(i.HAL_TIM_IC_CaptureCallback)
    i.HAL_TIM_IRQHandler                     0x080016be   Section        0  stm32f4xx_hal_tim.o(i.HAL_TIM_IRQHandler)
    i.HAL_TIM_OC_DelayElapsedCallback        0x08001824   Section        0  stm32f4xx_hal_tim.o(i.HAL_TIM_OC_DelayElapsedCallback)
    i.HAL_TIM_PWM_PulseFinishedCallback      0x08001826   Section        0  stm32f4xx_hal_tim.o(i.HAL_TIM_PWM_PulseFinishedCallback)
    i.HAL_TIM_PeriodElapsedCallback          0x08001828   Section        0  main.o(i.HAL_TIM_PeriodElapsedCallback)
    i.HAL_TIM_TriggerCallback                0x08001836   Section        0  stm32f4xx_hal_tim.o(i.HAL_TIM_TriggerCallback)
    i.HAL_UART_Init                          0x08001838   Section        0  stm32f4xx_hal_uart.o(i.HAL_UART_Init)
    i.HAL_UART_MspInit                       0x0800189c   Section        0  usart.o(i.HAL_UART_MspInit)
    i.HAL_UART_Transmit                      0x08001904   Section        0  stm32f4xx_hal_uart.o(i.HAL_UART_Transmit)
    i.HardFault_Handler                      0x080019b4   Section        0  stm32f4xx_it.o(i.HardFault_Handler)
    i.Homeing_Mode                           0x080019b8   Section        0  motor.o(i.Homeing_Mode)
    i.M3508_Send_Currents                    0x08001a0c   Section        0  motor.o(i.M3508_Send_Currents)
    i.MX_CAN1_Init                           0x08001a70   Section        0  can.o(i.MX_CAN1_Init)
    i.MX_FREERTOS_Init                       0x08001ab4   Section        0  freertos.o(i.MX_FREERTOS_Init)
    i.MX_GPIO_Init                           0x08001af0   Section        0  gpio.o(i.MX_GPIO_Init)
    i.MX_USART2_UART_Init                    0x08001b84   Section        0  usart.o(i.MX_USART2_UART_Init)
    i.Max_Value_Limit                        0x08001bbc   Section        0  motor.o(i.Max_Value_Limit)
    i.MemManage_Handler                      0x08001bde   Section        0  stm32f4xx_it.o(i.MemManage_Handler)
    i.Motor_Control                          0x08001be0   Section        0  motor.o(i.Motor_Control)
    i.Motor_Type_Init                        0x08001e10   Section        0  config.o(i.Motor_Type_Init)
    i.NMI_Handler                            0x08001e2c   Section        0  stm32f4xx_it.o(i.NMI_Handler)
    i.PID_Abs_Limit                          0x08001e2e   Section        0  pid.o(i.PID_Abs_Limit)
    i.PID_Incremental_PID_Calculation        0x08001e50   Section        0  pid.o(i.PID_Incremental_PID_Calculation)
    i.PID_Parameter_Init                     0x08001f08   Section        0  pid.o(i.PID_Parameter_Init)
    i.PID_Position_Calculate                 0x08001f44   Section        0  pid.o(i.PID_Position_Calculate)
    i.Pid_Init_All                           0x08001ffc   Section        0  config.o(i.Pid_Init_All)
    i.RM_MOTOR_Angle_Integral                0x08002168   Section        0  motor.o(i.RM_MOTOR_Angle_Integral)
    i.Robot_Wheels_Adjust                    0x08002254   Section        0  chassis.o(i.Robot_Wheels_Adjust)
    i.Speed_Control                          0x0800227c   Section        0  motor.o(i.Speed_Control)
    i.StartDefaultTask                       0x08002290   Section        0  freertos.o(i.StartDefaultTask)
    i.StartTask02                            0x08002328   Section        0  freertos.o(i.StartTask02)
    i.SysTick_Handler                        0x080023b0   Section        0  cmsis_os2.o(i.SysTick_Handler)
    i.SystemClock_Config                     0x080023cc   Section        0  main.o(i.SystemClock_Config)
    i.SystemInit                             0x08002460   Section        0  system_stm32f4xx.o(i.SystemInit)
    i.TIM2_IRQHandler                        0x08002470   Section        0  stm32f4xx_it.o(i.TIM2_IRQHandler)
    i.TIM_Base_SetConfig                     0x0800247c   Section        0  stm32f4xx_hal_tim.o(i.TIM_Base_SetConfig)
    i.UART_SetConfig                         0x08002544   Section        0  stm32f4xx_hal_uart.o(i.UART_SetConfig)
    UART_SetConfig                           0x08002545   Thumb Code   258  stm32f4xx_hal_uart.o(i.UART_SetConfig)
    i.UART_WaitOnFlagUntilTimeout            0x08002650   Section        0  stm32f4xx_hal_uart.o(i.UART_WaitOnFlagUntilTimeout)
    UART_WaitOnFlagUntilTimeout              0x08002651   Thumb Code   118  stm32f4xx_hal_uart.o(i.UART_WaitOnFlagUntilTimeout)
    i.UsageFault_Handler                     0x080026c6   Section        0  stm32f4xx_it.o(i.UsageFault_Handler)
    i.User_Open_Can                          0x080026c8   Section        0  user_can_init.o(i.User_Open_Can)
    i.Velocity_Planning_MODE                 0x08002734   Section        0  motor.o(i.Velocity_Planning_MODE)
    i.__0printf$bare                         0x0800292c   Section        0  printfb.o(i.__0printf$bare)
    i.__NVIC_SetPriority                     0x0800293c   Section        0  stm32f4xx_hal_cortex.o(i.__NVIC_SetPriority)
    __NVIC_SetPriority                       0x0800293d   Thumb Code    32  stm32f4xx_hal_cortex.o(i.__NVIC_SetPriority)
    i.__hardfp_sqrt                          0x0800295c   Section        0  sqrt.o(i.__hardfp_sqrt)
    i.__scatterload_copy                     0x080029d6   Section       14  handlers.o(i.__scatterload_copy)
    i.__scatterload_null                     0x080029e4   Section        2  handlers.o(i.__scatterload_null)
    i.__scatterload_zeroinit                 0x080029e6   Section       14  handlers.o(i.__scatterload_zeroinit)
    i.__set_errno                            0x080029f4   Section        0  errno.o(i.__set_errno)
    i._printf_core                           0x08002a00   Section        0  printfb.o(i._printf_core)
    _printf_core                             0x08002a01   Thumb Code    34  printfb.o(i._printf_core)
    i.fputc                                  0x08002a24   Section        0  usart.o(i.fputc)
    i.get_motor_measure                      0x08002a3c   Section        0  motor.o(i.get_motor_measure)
    i.main                                   0x08002ab8   Section        0  main.o(i.main)
    i.osDelay                                0x08002ada   Section        0  cmsis_os2.o(i.osDelay)
    i.osEventFlagsNew                        0x08002af4   Section        0  cmsis_os2.o(i.osEventFlagsNew)
    i.osKernelInitialize                     0x08002b20   Section        0  cmsis_os2.o(i.osKernelInitialize)
    i.osKernelStart                          0x08002b44   Section        0  cmsis_os2.o(i.osKernelStart)
    i.osThreadNew                            0x08002b7c   Section        0  cmsis_os2.o(i.osThreadNew)
    i.prvAddCurrentTaskToDelayedList         0x08002c04   Section        0  tasks.o(i.prvAddCurrentTaskToDelayedList)
    prvAddCurrentTaskToDelayedList           0x08002c05   Thumb Code    84  tasks.o(i.prvAddCurrentTaskToDelayedList)
    i.prvAddNewTaskToReadyList               0x08002c60   Section        0  tasks.o(i.prvAddNewTaskToReadyList)
    prvAddNewTaskToReadyList                 0x08002c61   Thumb Code   190  tasks.o(i.prvAddNewTaskToReadyList)
    i.prvCheckForValidListAndQueue           0x08002d30   Section        0  timers.o(i.prvCheckForValidListAndQueue)
    prvCheckForValidListAndQueue             0x08002d31   Thumb Code    72  timers.o(i.prvCheckForValidListAndQueue)
    i.prvCopyDataFromQueue                   0x08002d88   Section        0  queue.o(i.prvCopyDataFromQueue)
    prvCopyDataFromQueue                     0x08002d89   Thumb Code    38  queue.o(i.prvCopyDataFromQueue)
    i.prvCopyDataToQueue                     0x08002dae   Section        0  queue.o(i.prvCopyDataToQueue)
    prvCopyDataToQueue                       0x08002daf   Thumb Code   108  queue.o(i.prvCopyDataToQueue)
    i.prvDeleteTCB                           0x08002e1a   Section        0  tasks.o(i.prvDeleteTCB)
    prvDeleteTCB                             0x08002e1b   Thumb Code    52  tasks.o(i.prvDeleteTCB)
    i.prvHeapInit                            0x08002e50   Section        0  heap_4.o(i.prvHeapInit)
    prvHeapInit                              0x08002e51   Thumb Code    66  heap_4.o(i.prvHeapInit)
    i.prvIdleTask                            0x08002e9c   Section        0  tasks.o(i.prvIdleTask)
    prvIdleTask                              0x08002e9d   Thumb Code    80  tasks.o(i.prvIdleTask)
    i.prvInitialiseNewQueue                  0x08002ef8   Section        0  queue.o(i.prvInitialiseNewQueue)
    prvInitialiseNewQueue                    0x08002ef9   Thumb Code    32  queue.o(i.prvInitialiseNewQueue)
    i.prvInitialiseNewTask                   0x08002f18   Section        0  tasks.o(i.prvInitialiseNewTask)
    prvInitialiseNewTask                     0x08002f19   Thumb Code   170  tasks.o(i.prvInitialiseNewTask)
    i.prvInsertBlockIntoFreeList             0x08002fc4   Section        0  heap_4.o(i.prvInsertBlockIntoFreeList)
    prvInsertBlockIntoFreeList               0x08002fc5   Thumb Code    72  heap_4.o(i.prvInsertBlockIntoFreeList)
    i.prvInsertTimerInActiveList             0x08003010   Section        0  timers.o(i.prvInsertTimerInActiveList)
    prvInsertTimerInActiveList               0x08003011   Thumb Code    52  timers.o(i.prvInsertTimerInActiveList)
    i.prvIsQueueEmpty                        0x08003048   Section        0  queue.o(i.prvIsQueueEmpty)
    prvIsQueueEmpty                          0x08003049   Thumb Code    26  queue.o(i.prvIsQueueEmpty)
    i.prvProcessReceivedCommands             0x08003064   Section        0  timers.o(i.prvProcessReceivedCommands)
    prvProcessReceivedCommands               0x08003065   Thumb Code   248  timers.o(i.prvProcessReceivedCommands)
    i.prvProcessTimerOrBlockTask             0x08003160   Section        0  timers.o(i.prvProcessTimerOrBlockTask)
    prvProcessTimerOrBlockTask               0x08003161   Thumb Code   182  timers.o(i.prvProcessTimerOrBlockTask)
    i.prvResetNextTaskUnblockTime            0x08003220   Section        0  tasks.o(i.prvResetNextTaskUnblockTime)
    prvResetNextTaskUnblockTime              0x08003221   Thumb Code    26  tasks.o(i.prvResetNextTaskUnblockTime)
    i.prvSampleTimeNow                       0x08003240   Section        0  timers.o(i.prvSampleTimeNow)
    prvSampleTimeNow                         0x08003241   Thumb Code    36  timers.o(i.prvSampleTimeNow)
    i.prvSwitchTimerLists                    0x08003268   Section        0  timers.o(i.prvSwitchTimerLists)
    prvSwitchTimerLists                      0x08003269   Thumb Code   104  timers.o(i.prvSwitchTimerLists)
    i.prvTaskExitError                       0x080032d4   Section        0  port.o(i.prvTaskExitError)
    prvTaskExitError                         0x080032d5   Thumb Code    36  port.o(i.prvTaskExitError)
    i.prvTestWaitCondition                   0x080032fc   Section        0  event_groups.o(i.prvTestWaitCondition)
    prvTestWaitCondition                     0x080032fd   Thumb Code    20  event_groups.o(i.prvTestWaitCondition)
    i.prvTimerTask                           0x08003310   Section        0  timers.o(i.prvTimerTask)
    prvTimerTask                             0x08003311   Thumb Code    34  timers.o(i.prvTimerTask)
    i.prvUnlockQueue                         0x08003338   Section        0  queue.o(i.prvUnlockQueue)
    prvUnlockQueue                           0x08003339   Thumb Code   106  queue.o(i.prvUnlockQueue)
    i.pvPortMalloc                           0x080033a4   Section        0  heap_4.o(i.pvPortMalloc)
    i.pxPortInitialiseStack                  0x08003480   Section        0  port.o(i.pxPortInitialiseStack)
    i.uxListRemove                           0x080034ac   Section        0  list.o(i.uxListRemove)
    i.uxTaskResetEventItemValue              0x080034d4   Section        0  tasks.o(i.uxTaskResetEventItemValue)
    i.vApplicationGetIdleTaskMemory          0x080034ec   Section        0  cmsis_os2.o(i.vApplicationGetIdleTaskMemory)
    i.vApplicationGetTimerTaskMemory         0x08003500   Section        0  cmsis_os2.o(i.vApplicationGetTimerTaskMemory)
    i.vListInitialise                        0x08003518   Section        0  list.o(i.vListInitialise)
    i.vListInitialiseItem                    0x0800352e   Section        0  list.o(i.vListInitialiseItem)
    i.vListInsert                            0x08003534   Section        0  list.o(i.vListInsert)
    i.vListInsertEnd                         0x08003564   Section        0  list.o(i.vListInsertEnd)
    i.vPortEnterCritical                     0x0800357c   Section        0  port.o(i.vPortEnterCritical)
    i.vPortExitCritical                      0x080035bc   Section        0  port.o(i.vPortExitCritical)
    i.vPortFree                              0x080035e4   Section        0  heap_4.o(i.vPortFree)
    i.vPortSetupTimerInterrupt               0x08003648   Section        0  port.o(i.vPortSetupTimerInterrupt)
    i.vPortValidateInterruptPriority         0x0800366c   Section        0  port.o(i.vPortValidateInterruptPriority)
    i.vQueueAddToRegistry                    0x080036c0   Section        0  queue.o(i.vQueueAddToRegistry)
    i.vQueueWaitForMessageRestricted         0x080036e4   Section        0  queue.o(i.vQueueWaitForMessageRestricted)
    i.vTaskDelay                             0x08003728   Section        0  tasks.o(i.vTaskDelay)
    i.vTaskInternalSetTimeOutState           0x08003774   Section        0  tasks.o(i.vTaskInternalSetTimeOutState)
    i.vTaskMissedYield                       0x08003784   Section        0  tasks.o(i.vTaskMissedYield)
    i.vTaskPlaceOnEventList                  0x08003790   Section        0  tasks.o(i.vTaskPlaceOnEventList)
    i.vTaskPlaceOnEventListRestricted        0x080037c0   Section        0  tasks.o(i.vTaskPlaceOnEventListRestricted)
    i.vTaskPlaceOnUnorderedEventList         0x080037f8   Section        0  tasks.o(i.vTaskPlaceOnUnorderedEventList)
    i.vTaskRemoveFromUnorderedEventList      0x08003844   Section        0  tasks.o(i.vTaskRemoveFromUnorderedEventList)
    i.vTaskStartScheduler                    0x080038b4   Section        0  tasks.o(i.vTaskStartScheduler)
    i.vTaskSuspendAll                        0x08003938   Section        0  tasks.o(i.vTaskSuspendAll)
    i.vTaskSwitchContext                     0x08003948   Section        0  tasks.o(i.vTaskSwitchContext)
    i.xEventGroupCreate                      0x080039ac   Section        0  event_groups.o(i.xEventGroupCreate)
    i.xEventGroupCreateStatic                0x080039c8   Section        0  event_groups.o(i.xEventGroupCreateStatic)
    i.xEventGroupSetBits                     0x080039f4   Section        0  event_groups.o(i.xEventGroupSetBits)
    i.xEventGroupWaitBits                    0x08003a80   Section        0  event_groups.o(i.xEventGroupWaitBits)
    i.xPortStartScheduler                    0x08003b88   Section        0  port.o(i.xPortStartScheduler)
    i.xPortSysTickHandler                    0x08003c7c   Section        0  port.o(i.xPortSysTickHandler)
    i.xQueueGenericCreateStatic              0x08003ca8   Section        0  queue.o(i.xQueueGenericCreateStatic)
    i.xQueueGenericReset                     0x08003d10   Section        0  queue.o(i.xQueueGenericReset)
    i.xQueueGenericSend                      0x08003d98   Section        0  queue.o(i.xQueueGenericSend)
    i.xQueueGenericSendFromISR               0x08003efc   Section        0  queue.o(i.xQueueGenericSendFromISR)
    i.xQueueReceive                          0x08003fbc   Section        0  queue.o(i.xQueueReceive)
    i.xTaskCheckForTimeOut                   0x080040f4   Section        0  tasks.o(i.xTaskCheckForTimeOut)
    i.xTaskCreate                            0x08004168   Section        0  tasks.o(i.xTaskCreate)
    i.xTaskCreateStatic                      0x080041c2   Section        0  tasks.o(i.xTaskCreateStatic)
    i.xTaskGetSchedulerState                 0x0800421c   Section        0  tasks.o(i.xTaskGetSchedulerState)
    i.xTaskGetTickCount                      0x08004238   Section        0  tasks.o(i.xTaskGetTickCount)
    i.xTaskIncrementTick                     0x08004244   Section        0  tasks.o(i.xTaskIncrementTick)
    i.xTaskPriorityDisinherit                0x0800430c   Section        0  tasks.o(i.xTaskPriorityDisinherit)
    i.xTaskRemoveFromEventList               0x08004388   Section        0  tasks.o(i.xTaskRemoveFromEventList)
    i.xTaskResumeAll                         0x080043f8   Section        0  tasks.o(i.xTaskResumeAll)
    i.xTimerCreateTimerTask                  0x080044b8   Section        0  timers.o(i.xTimerCreateTimerTask)
    i.xTimerGenericCommand                   0x08004518   Section        0  timers.o(i.xTimerGenericCommand)
    .constdata                               0x0800457c   Section       88  freertos.o(.constdata)
    .constdata                               0x080045d4   Section       16  system_stm32f4xx.o(.constdata)
    .constdata                               0x080045e4   Section        8  system_stm32f4xx.o(.constdata)
    .conststring                             0x080045ec   Section       36  freertos.o(.conststring)
    .data                                    0x20000000   Section       12  freertos.o(.data)
    .data                                    0x2000000c   Section       12  stm32f4xx_hal.o(.data)
    .data                                    0x20000018   Section        4  system_stm32f4xx.o(.data)
    .data                                    0x2000001c   Section        8  user_can_init.o(.data)
    .data                                    0x20000024   Section        4  motor.o(.data)
    Delta_Pos                                0x20000024   Data           4  motor.o(.data)
    .data                                    0x20000028   Section       60  tasks.o(.data)
    uxDeletedTasksWaitingCleanUp             0x2000002c   Data           4  tasks.o(.data)
    uxCurrentNumberOfTasks                   0x20000030   Data           4  tasks.o(.data)
    xTickCount                               0x20000034   Data           4  tasks.o(.data)
    uxTopReadyPriority                       0x20000038   Data           4  tasks.o(.data)
    xSchedulerRunning                        0x2000003c   Data           4  tasks.o(.data)
    xPendedTicks                             0x20000040   Data           4  tasks.o(.data)
    xYieldPending                            0x20000044   Data           4  tasks.o(.data)
    xNumOfOverflows                          0x20000048   Data           4  tasks.o(.data)
    uxTaskNumber                             0x2000004c   Data           4  tasks.o(.data)
    xNextTaskUnblockTime                     0x20000050   Data           4  tasks.o(.data)
    xIdleTaskHandle                          0x20000054   Data           4  tasks.o(.data)
    uxSchedulerSuspended                     0x20000058   Data           4  tasks.o(.data)
    pxDelayedTaskList                        0x2000005c   Data           4  tasks.o(.data)
    pxOverflowDelayedTaskList                0x20000060   Data           4  tasks.o(.data)
    .data                                    0x20000064   Section       20  timers.o(.data)
    xTimerQueue                              0x20000064   Data           4  timers.o(.data)
    xTimerTaskHandle                         0x20000068   Data           4  timers.o(.data)
    xLastTime                                0x2000006c   Data           4  timers.o(.data)
    pxCurrentTimerList                       0x20000070   Data           4  timers.o(.data)
    pxOverflowTimerList                      0x20000074   Data           4  timers.o(.data)
    .data                                    0x20000078   Section        4  cmsis_os2.o(.data)
    KernelState                              0x20000078   Data           4  cmsis_os2.o(.data)
    .data                                    0x2000007c   Section       32  heap_4.o(.data)
    pxEnd                                    0x2000007c   Data           4  heap_4.o(.data)
    xFreeBytesRemaining                      0x20000080   Data           4  heap_4.o(.data)
    xMinimumEverFreeBytesRemaining           0x20000084   Data           4  heap_4.o(.data)
    xNumberOfSuccessfulAllocations           0x20000088   Data           4  heap_4.o(.data)
    xNumberOfSuccessfulFrees                 0x2000008c   Data           4  heap_4.o(.data)
    xBlockAllocatedBit                       0x20000090   Data           4  heap_4.o(.data)
    xStart                                   0x20000094   Data           8  heap_4.o(.data)
    .data                                    0x2000009c   Section       12  port.o(.data)
    ucMaxSysCallPriority                     0x2000009c   Data           1  port.o(.data)
    uxCriticalNesting                        0x200000a0   Data           4  port.o(.data)
    ulMaxPRIGROUPValue                       0x200000a4   Data           4  port.o(.data)
    .data                                    0x200000a8   Section        4  stdout.o(.data)
    .data                                    0x200000ac   Section        4  errno.o(.data)
    _errno                                   0x200000ac   Data           4  errno.o(.data)
    .bss                                     0x200000b0   Section       40  can.o(.bss)
    .bss                                     0x200000d8   Section       68  usart.o(.bss)
    .bss                                     0x2000011c   Section       72  stm32f4xx_hal_timebase_tim.o(.bss)
    .bss                                     0x20000164   Section       24  user_can_init.o(.bss)
    .bss                                     0x2000017c   Section       28  chassis.o(.bss)
    .bss                                     0x20000198   Section     2176  motor.o(.bss)
    .bss                                     0x20000a18   Section       64  queue.o(.bss)
    .bss                                     0x20000a58   Section     1220  tasks.o(.bss)
    pxReadyTasksLists                        0x20000a58   Data        1120  tasks.o(.bss)
    xDelayedTaskList1                        0x20000eb8   Data          20  tasks.o(.bss)
    xDelayedTaskList2                        0x20000ecc   Data          20  tasks.o(.bss)
    xPendingReadyList                        0x20000ee0   Data          20  tasks.o(.bss)
    xTasksWaitingTermination                 0x20000ef4   Data          20  tasks.o(.bss)
    xSuspendedTaskList                       0x20000f08   Data          20  tasks.o(.bss)
    .bss                                     0x20000f1c   Section      280  timers.o(.bss)
    xStaticTimerQueue                        0x20000f1c   Data          80  timers.o(.bss)
    ucStaticTimerQueueStorage                0x20000f6c   Data         160  timers.o(.bss)
    xActiveTimerList1                        0x2000100c   Data          20  timers.o(.bss)
    xActiveTimerList2                        0x20001020   Data          20  timers.o(.bss)
    .bss                                     0x20001034   Section     1720  cmsis_os2.o(.bss)
    Idle_TCB                                 0x20001034   Data          92  cmsis_os2.o(.bss)
    Idle_Stack                               0x20001090   Data         512  cmsis_os2.o(.bss)
    Timer_TCB                                0x20001290   Data          92  cmsis_os2.o(.bss)
    Timer_Stack                              0x200012ec   Data        1024  cmsis_os2.o(.bss)
    .bss                                     0x200016ec   Section    15360  heap_4.o(.bss)
    ucHeap                                   0x200016ec   Data       15360  heap_4.o(.bss)
    STACK                                    0x200052f0   Section     1024  startup_stm32f407xx.o(STACK)

    Global Symbols

    Symbol Name                              Value     Ov Type        Size  Object(Section)

    BuildAttributes$$THM_ISAv4$E$P$D$K$B$S$7EM$VFPi3$EXTD16$VFPS$VFMA$PE$A:L22UL41UL21$X:L11$S22US41US21$IEEE1$IW$USESV6$~STKCKD$USESV7$~SHL$OTIME$ROPI$IEEEJ$EBA8$MICROLIB$REQ8$PRES8$EABIv2 0x00000000   Number         0  anon$$obj.o ABSOLUTE
    __ARM_use_no_argv                        0x00000000   Number         0  main.o ABSOLUTE
    __cpp_initialize__aeabi_                  - Undefined Weak Reference
    __cxa_finalize                            - Undefined Weak Reference
    __decompress                              - Undefined Weak Reference
    _clock_init                               - Undefined Weak Reference
    _microlib_exit                            - Undefined Weak Reference
    __Vectors_Size                           0x00000188   Number         0  startup_stm32f407xx.o ABSOLUTE
    __Vectors                                0x08000000   Data           4  startup_stm32f407xx.o(RESET)
    __Vectors_End                            0x08000188   Data           0  startup_stm32f407xx.o(RESET)
    __main                                   0x08000189   Thumb Code     0  entry.o(.ARM.Collect$$$$00000000)
    _main_stk                                0x08000189   Thumb Code     0  entry2.o(.ARM.Collect$$$$00000001)
    _main_scatterload                        0x0800018d   Thumb Code     0  entry5.o(.ARM.Collect$$$$00000004)
    __main_after_scatterload                 0x08000191   Thumb Code     0  entry5.o(.ARM.Collect$$$$00000004)
    _main_clock                              0x08000191   Thumb Code     0  entry7b.o(.ARM.Collect$$$$00000008)
    _main_cpp_init                           0x08000191   Thumb Code     0  entry8b.o(.ARM.Collect$$$$0000000A)
    _main_init                               0x08000191   Thumb Code     0  entry9a.o(.ARM.Collect$$$$0000000B)
    __rt_final_cpp                           0x08000199   Thumb Code     0  entry10a.o(.ARM.Collect$$$$0000000D)
    __rt_final_exit                          0x08000199   Thumb Code     0  entry11a.o(.ARM.Collect$$$$0000000F)
    SVC_Handler                              0x0800019d   Thumb Code    28  port.o(.emb_text)
    __asm___6_port_c_39a90d8d__prvStartFirstTask 0x080001bd   Thumb Code    36  port.o(.emb_text)
    __asm___6_port_c_39a90d8d__prvEnableVFP  0x080001e5   Thumb Code    16  port.o(.emb_text)
    PendSV_Handler                           0x080001f9   Thumb Code    88  port.o(.emb_text)
    vPortGetIPSR                             0x08000255   Thumb Code     6  port.o(.emb_text)
    Reset_Handler                            0x0800025d   Thumb Code     8  startup_stm32f407xx.o(.text)
    ADC_IRQHandler                           0x08000277   Thumb Code     0  startup_stm32f407xx.o(.text)
    CAN1_RX1_IRQHandler                      0x08000277   Thumb Code     0  startup_stm32f407xx.o(.text)
    CAN1_SCE_IRQHandler                      0x08000277   Thumb Code     0  startup_stm32f407xx.o(.text)
    CAN1_TX_IRQHandler                       0x08000277   Thumb Code     0  startup_stm32f407xx.o(.text)
    CAN2_RX0_IRQHandler                      0x08000277   Thumb Code     0  startup_stm32f407xx.o(.text)
    CAN2_RX1_IRQHandler                      0x08000277   Thumb Code     0  startup_stm32f407xx.o(.text)
    CAN2_SCE_IRQHandler                      0x08000277   Thumb Code     0  startup_stm32f407xx.o(.text)
    CAN2_TX_IRQHandler                       0x08000277   Thumb Code     0  startup_stm32f407xx.o(.text)
    DCMI_IRQHandler                          0x08000277   Thumb Code     0  startup_stm32f407xx.o(.text)
    DMA1_Stream0_IRQHandler                  0x08000277   Thumb Code     0  startup_stm32f407xx.o(.text)
    DMA1_Stream1_IRQHandler                  0x08000277   Thumb Code     0  startup_stm32f407xx.o(.text)
    DMA1_Stream2_IRQHandler                  0x08000277   Thumb Code     0  startup_stm32f407xx.o(.text)
    DMA1_Stream3_IRQHandler                  0x08000277   Thumb Code     0  startup_stm32f407xx.o(.text)
    DMA1_Stream4_IRQHandler                  0x08000277   Thumb Code     0  startup_stm32f407xx.o(.text)
    DMA1_Stream5_IRQHandler                  0x08000277   Thumb Code     0  startup_stm32f407xx.o(.text)
    DMA1_Stream6_IRQHandler                  0x08000277   Thumb Code     0  startup_stm32f407xx.o(.text)
    DMA1_Stream7_IRQHandler                  0x08000277   Thumb Code     0  startup_stm32f407xx.o(.text)
    DMA2_Stream0_IRQHandler                  0x08000277   Thumb Code     0  startup_stm32f407xx.o(.text)
    DMA2_Stream1_IRQHandler                  0x08000277   Thumb Code     0  startup_stm32f407xx.o(.text)
    DMA2_Stream2_IRQHandler                  0x08000277   Thumb Code     0  startup_stm32f407xx.o(.text)
    DMA2_Stream3_IRQHandler                  0x08000277   Thumb Code     0  startup_stm32f407xx.o(.text)
    DMA2_Stream4_IRQHandler                  0x08000277   Thumb Code     0  startup_stm32f407xx.o(.text)
    DMA2_Stream5_IRQHandler                  0x08000277   Thumb Code     0  startup_stm32f407xx.o(.text)
    DMA2_Stream6_IRQHandler                  0x08000277   Thumb Code     0  startup_stm32f407xx.o(.text)
    DMA2_Stream7_IRQHandler                  0x08000277   Thumb Code     0  startup_stm32f407xx.o(.text)
    ETH_IRQHandler                           0x08000277   Thumb Code     0  startup_stm32f407xx.o(.text)
    ETH_WKUP_IRQHandler                      0x08000277   Thumb Code     0  startup_stm32f407xx.o(.text)
    EXTI0_IRQHandler                         0x08000277   Thumb Code     0  startup_stm32f407xx.o(.text)
    EXTI15_10_IRQHandler                     0x08000277   Thumb Code     0  startup_stm32f407xx.o(.text)
    EXTI1_IRQHandler                         0x08000277   Thumb Code     0  startup_stm32f407xx.o(.text)
    EXTI2_IRQHandler                         0x08000277   Thumb Code     0  startup_stm32f407xx.o(.text)
    EXTI3_IRQHandler                         0x08000277   Thumb Code     0  startup_stm32f407xx.o(.text)
    EXTI4_IRQHandler                         0x08000277   Thumb Code     0  startup_stm32f407xx.o(.text)
    EXTI9_5_IRQHandler                       0x08000277   Thumb Code     0  startup_stm32f407xx.o(.text)
    FLASH_IRQHandler                         0x08000277   Thumb Code     0  startup_stm32f407xx.o(.text)
    FMC_IRQHandler                           0x08000277   Thumb Code     0  startup_stm32f407xx.o(.text)
    FPU_IRQHandler                           0x08000277   Thumb Code     0  startup_stm32f407xx.o(.text)
    HASH_RNG_IRQHandler                      0x08000277   Thumb Code     0  startup_stm32f407xx.o(.text)
    I2C1_ER_IRQHandler                       0x08000277   Thumb Code     0  startup_stm32f407xx.o(.text)
    I2C1_EV_IRQHandler                       0x08000277   Thumb Code     0  startup_stm32f407xx.o(.text)
    I2C2_ER_IRQHandler                       0x08000277   Thumb Code     0  startup_stm32f407xx.o(.text)
    I2C2_EV_IRQHandler                       0x08000277   Thumb Code     0  startup_stm32f407xx.o(.text)
    I2C3_ER_IRQHandler                       0x08000277   Thumb Code     0  startup_stm32f407xx.o(.text)
    I2C3_EV_IRQHandler                       0x08000277   Thumb Code     0  startup_stm32f407xx.o(.text)
    OTG_FS_IRQHandler                        0x08000277   Thumb Code     0  startup_stm32f407xx.o(.text)
    OTG_FS_WKUP_IRQHandler                   0x08000277   Thumb Code     0  startup_stm32f407xx.o(.text)
    OTG_HS_EP1_IN_IRQHandler                 0x08000277   Thumb Code     0  startup_stm32f407xx.o(.text)
    OTG_HS_EP1_OUT_IRQHandler                0x08000277   Thumb Code     0  startup_stm32f407xx.o(.text)
    OTG_HS_IRQHandler                        0x08000277   Thumb Code     0  startup_stm32f407xx.o(.text)
    OTG_HS_WKUP_IRQHandler                   0x08000277   Thumb Code     0  startup_stm32f407xx.o(.text)
    PVD_IRQHandler                           0x08000277   Thumb Code     0  startup_stm32f407xx.o(.text)
    RCC_IRQHandler                           0x08000277   Thumb Code     0  startup_stm32f407xx.o(.text)
    RTC_Alarm_IRQHandler                     0x08000277   Thumb Code     0  startup_stm32f407xx.o(.text)
    RTC_WKUP_IRQHandler                      0x08000277   Thumb Code     0  startup_stm32f407xx.o(.text)
    SDIO_IRQHandler                          0x08000277   Thumb Code     0  startup_stm32f407xx.o(.text)
    SPI1_IRQHandler                          0x08000277   Thumb Code     0  startup_stm32f407xx.o(.text)
    SPI2_IRQHandler                          0x08000277   Thumb Code     0  startup_stm32f407xx.o(.text)
    SPI3_IRQHandler                          0x08000277   Thumb Code     0  startup_stm32f407xx.o(.text)
    TAMP_STAMP_IRQHandler                    0x08000277   Thumb Code     0  startup_stm32f407xx.o(.text)
    TIM1_BRK_TIM9_IRQHandler                 0x08000277   Thumb Code     0  startup_stm32f407xx.o(.text)
    TIM1_CC_IRQHandler                       0x08000277   Thumb Code     0  startup_stm32f407xx.o(.text)
    TIM1_TRG_COM_TIM11_IRQHandler            0x08000277   Thumb Code     0  startup_stm32f407xx.o(.text)
    TIM1_UP_TIM10_IRQHandler                 0x08000277   Thumb Code     0  startup_stm32f407xx.o(.text)
    TIM3_IRQHandler                          0x08000277   Thumb Code     0  startup_stm32f407xx.o(.text)
    TIM4_IRQHandler                          0x08000277   Thumb Code     0  startup_stm32f407xx.o(.text)
    TIM5_IRQHandler                          0x08000277   Thumb Code     0  startup_stm32f407xx.o(.text)
    TIM6_DAC_IRQHandler                      0x08000277   Thumb Code     0  startup_stm32f407xx.o(.text)
    TIM7_IRQHandler                          0x08000277   Thumb Code     0  startup_stm32f407xx.o(.text)
    TIM8_BRK_TIM12_IRQHandler                0x08000277   Thumb Code     0  startup_stm32f407xx.o(.text)
    TIM8_CC_IRQHandler                       0x08000277   Thumb Code     0  startup_stm32f407xx.o(.text)
    TIM8_TRG_COM_TIM14_IRQHandler            0x08000277   Thumb Code     0  startup_stm32f407xx.o(.text)
    TIM8_UP_TIM13_IRQHandler                 0x08000277   Thumb Code     0  startup_stm32f407xx.o(.text)
    UART4_IRQHandler                         0x08000277   Thumb Code     0  startup_stm32f407xx.o(.text)
    UART5_IRQHandler                         0x08000277   Thumb Code     0  startup_stm32f407xx.o(.text)
    USART1_IRQHandler                        0x08000277   Thumb Code     0  startup_stm32f407xx.o(.text)
    USART2_IRQHandler                        0x08000277   Thumb Code     0  startup_stm32f407xx.o(.text)
    USART3_IRQHandler                        0x08000277   Thumb Code     0  startup_stm32f407xx.o(.text)
    USART6_IRQHandler                        0x08000277   Thumb Code     0  startup_stm32f407xx.o(.text)
    WWDG_IRQHandler                          0x08000277   Thumb Code     0  startup_stm32f407xx.o(.text)
    __aeabi_uldivmod                         0x08000281   Thumb Code    98  uldiv.o(.text)
    __aeabi_memcpy                           0x080002e3   Thumb Code    36  memcpya.o(.text)
    __aeabi_memcpy4                          0x080002e3   Thumb Code     0  memcpya.o(.text)
    __aeabi_memcpy8                          0x080002e3   Thumb Code     0  memcpya.o(.text)
    __aeabi_memset                           0x08000307   Thumb Code    14  memseta.o(.text)
    __aeabi_memset4                          0x08000307   Thumb Code     0  memseta.o(.text)
    __aeabi_memset8                          0x08000307   Thumb Code     0  memseta.o(.text)
    __aeabi_memclr                           0x08000315   Thumb Code     4  memseta.o(.text)
    __aeabi_memclr4                          0x08000315   Thumb Code     0  memseta.o(.text)
    __aeabi_memclr8                          0x08000315   Thumb Code     0  memseta.o(.text)
    memset                                   0x08000319   Thumb Code    18  memseta.o(.text)
    __aeabi_f2d                              0x0800032b   Thumb Code    38  f2d.o(.text)
    __aeabi_d2f                              0x08000351   Thumb Code    56  d2f.o(.text)
    __aeabi_llsl                             0x08000389   Thumb Code    30  llshl.o(.text)
    _ll_shift_l                              0x08000389   Thumb Code     0  llshl.o(.text)
    __aeabi_llsr                             0x080003a7   Thumb Code    32  llushr.o(.text)
    _ll_ushift_r                             0x080003a7   Thumb Code     0  llushr.o(.text)
    __I$use$fp                               0x080003c7   Thumb Code     0  iusefp.o(.text)
    _float_round                             0x080003c7   Thumb Code    18  fepilogue.o(.text)
    _float_epilogue                          0x080003d9   Thumb Code    92  fepilogue.o(.text)
    _dsqrt                                   0x08000435   Thumb Code   162  dsqrt.o(.text)
    __scatterload                            0x080004d9   Thumb Code    28  init.o(.text)
    __scatterload_rt2                        0x080004d9   Thumb Code     0  init.o(.text)
    _double_round                            0x080004fd   Thumb Code    30  depilogue.o(.text)
    _double_epilogue                         0x0800051b   Thumb Code   156  depilogue.o(.text)
    BusFault_Handler                         0x080005b7   Thumb Code     2  stm32f4xx_it.o(i.BusFault_Handler)
    CAN1_RX0_IRQHandler                      0x080005b9   Thumb Code     6  stm32f4xx_it.o(i.CAN1_RX0_IRQHandler)
    DebugMon_Handler                         0x080005c5   Thumb Code     2  stm32f4xx_it.o(i.DebugMon_Handler)
    Error_Handler                            0x080005c7   Thumb Code     4  main.o(i.Error_Handler)
    HAL_CAN_ActivateNotification             0x080005cb   Thumb Code    36  stm32f4xx_hal_can.o(i.HAL_CAN_ActivateNotification)
    HAL_CAN_AddTxMessage                     0x080005ef   Thumb Code   200  stm32f4xx_hal_can.o(i.HAL_CAN_AddTxMessage)
    HAL_CAN_ConfigFilter                     0x080006b9   Thumb Code   262  stm32f4xx_hal_can.o(i.HAL_CAN_ConfigFilter)
    HAL_CAN_ErrorCallback                    0x080007c5   Thumb Code     2  stm32f4xx_hal_can.o(i.HAL_CAN_ErrorCallback)
    HAL_CAN_GetRxMessage                     0x080007c7   Thumb Code   232  stm32f4xx_hal_can.o(i.HAL_CAN_GetRxMessage)
    HAL_CAN_IRQHandler                       0x080008af   Thumb Code   508  stm32f4xx_hal_can.o(i.HAL_CAN_IRQHandler)
    HAL_CAN_Init                             0x08000aab   Thumb Code   282  stm32f4xx_hal_can.o(i.HAL_CAN_Init)
    HAL_CAN_MspInit                          0x08000bc5   Thumb Code   110  can.o(i.HAL_CAN_MspInit)
    HAL_CAN_RxFifo0FullCallback              0x08000c41   Thumb Code     2  stm32f4xx_hal_can.o(i.HAL_CAN_RxFifo0FullCallback)
    HAL_CAN_RxFifo0MsgPendingCallback        0x08000c45   Thumb Code    50  user_can_init.o(i.HAL_CAN_RxFifo0MsgPendingCallback)
    HAL_CAN_RxFifo1FullCallback              0x08000c81   Thumb Code     2  stm32f4xx_hal_can.o(i.HAL_CAN_RxFifo1FullCallback)
    HAL_CAN_RxFifo1MsgPendingCallback        0x08000c83   Thumb Code     2  stm32f4xx_hal_can.o(i.HAL_CAN_RxFifo1MsgPendingCallback)
    HAL_CAN_SleepCallback                    0x08000c85   Thumb Code     2  stm32f4xx_hal_can.o(i.HAL_CAN_SleepCallback)
    HAL_CAN_Start                            0x08000c87   Thumb Code    86  stm32f4xx_hal_can.o(i.HAL_CAN_Start)
    HAL_CAN_TxMailbox0AbortCallback          0x08000cdd   Thumb Code     2  stm32f4xx_hal_can.o(i.HAL_CAN_TxMailbox0AbortCallback)
    HAL_CAN_TxMailbox0CompleteCallback       0x08000cdf   Thumb Code     2  stm32f4xx_hal_can.o(i.HAL_CAN_TxMailbox0CompleteCallback)
    HAL_CAN_TxMailbox1AbortCallback          0x08000ce1   Thumb Code     2  stm32f4xx_hal_can.o(i.HAL_CAN_TxMailbox1AbortCallback)
    HAL_CAN_TxMailbox1CompleteCallback       0x08000ce3   Thumb Code     2  stm32f4xx_hal_can.o(i.HAL_CAN_TxMailbox1CompleteCallback)
    HAL_CAN_TxMailbox2AbortCallback          0x08000ce5   Thumb Code     2  stm32f4xx_hal_can.o(i.HAL_CAN_TxMailbox2AbortCallback)
    HAL_CAN_TxMailbox2CompleteCallback       0x08000ce7   Thumb Code     2  stm32f4xx_hal_can.o(i.HAL_CAN_TxMailbox2CompleteCallback)
    HAL_CAN_WakeUpFromRxMsgCallback          0x08000ce9   Thumb Code     2  stm32f4xx_hal_can.o(i.HAL_CAN_WakeUpFromRxMsgCallback)
    HAL_GPIO_Init                            0x08000ced   Thumb Code   418  stm32f4xx_hal_gpio.o(i.HAL_GPIO_Init)
    HAL_GPIO_ReadPin                         0x08000ebd   Thumb Code    10  stm32f4xx_hal_gpio.o(i.HAL_GPIO_ReadPin)
    HAL_GPIO_WritePin                        0x08000ec7   Thumb Code    10  stm32f4xx_hal_gpio.o(i.HAL_GPIO_WritePin)
    HAL_GetTick                              0x08000ed1   Thumb Code     6  stm32f4xx_hal.o(i.HAL_GetTick)
    HAL_IncTick                              0x08000edd   Thumb Code    12  stm32f4xx_hal.o(i.HAL_IncTick)
    HAL_Init                                 0x08000eed   Thumb Code    48  stm32f4xx_hal.o(i.HAL_Init)
    HAL_InitTick                             0x08000f21   Thumb Code   134  stm32f4xx_hal_timebase_tim.o(i.HAL_InitTick)
    HAL_MspInit                              0x08000fb9   Thumb Code    52  stm32f4xx_hal_msp.o(i.HAL_MspInit)
    HAL_NVIC_EnableIRQ                       0x08000ff1   Thumb Code    26  stm32f4xx_hal_cortex.o(i.HAL_NVIC_EnableIRQ)
    HAL_NVIC_SetPriority                     0x0800100d   Thumb Code    60  stm32f4xx_hal_cortex.o(i.HAL_NVIC_SetPriority)
    HAL_NVIC_SetPriorityGrouping             0x0800104d   Thumb Code    26  stm32f4xx_hal_cortex.o(i.HAL_NVIC_SetPriorityGrouping)
    HAL_RCC_ClockConfig                      0x08001071   Thumb Code   288  stm32f4xx_hal_rcc.o(i.HAL_RCC_ClockConfig)
    HAL_RCC_GetClockConfig                   0x080011a5   Thumb Code    54  stm32f4xx_hal_rcc.o(i.HAL_RCC_GetClockConfig)
    HAL_RCC_GetPCLK1Freq                     0x080011e5   Thumb Code    20  stm32f4xx_hal_rcc.o(i.HAL_RCC_GetPCLK1Freq)
    HAL_RCC_GetPCLK2Freq                     0x08001205   Thumb Code    20  stm32f4xx_hal_rcc.o(i.HAL_RCC_GetPCLK2Freq)
    HAL_RCC_GetSysClockFreq                  0x08001225   Thumb Code    88  stm32f4xx_hal_rcc.o(i.HAL_RCC_GetSysClockFreq)
    HAL_RCC_OscConfig                        0x08001285   Thumb Code   836  stm32f4xx_hal_rcc.o(i.HAL_RCC_OscConfig)
    HAL_TIMEx_BreakCallback                  0x080015dd   Thumb Code     2  stm32f4xx_hal_tim_ex.o(i.HAL_TIMEx_BreakCallback)
    HAL_TIMEx_CommutCallback                 0x080015df   Thumb Code     2  stm32f4xx_hal_tim_ex.o(i.HAL_TIMEx_CommutCallback)
    HAL_TIM_Base_Init                        0x080015e1   Thumb Code    90  stm32f4xx_hal_tim.o(i.HAL_TIM_Base_Init)
    HAL_TIM_Base_MspInit                     0x0800163b   Thumb Code     2  stm32f4xx_hal_tim.o(i.HAL_TIM_Base_MspInit)
    HAL_TIM_Base_Start_IT                    0x0800163d   Thumb Code   100  stm32f4xx_hal_tim.o(i.HAL_TIM_Base_Start_IT)
    HAL_TIM_IC_CaptureCallback               0x080016bd   Thumb Code     2  stm32f4xx_hal_tim.o(i.HAL_TIM_IC_CaptureCallback)
    HAL_TIM_IRQHandler                       0x080016bf   Thumb Code   358  stm32f4xx_hal_tim.o(i.HAL_TIM_IRQHandler)
    HAL_TIM_OC_DelayElapsedCallback          0x08001825   Thumb Code     2  stm32f4xx_hal_tim.o(i.HAL_TIM_OC_DelayElapsedCallback)
    HAL_TIM_PWM_PulseFinishedCallback        0x08001827   Thumb Code     2  stm32f4xx_hal_tim.o(i.HAL_TIM_PWM_PulseFinishedCallback)
    HAL_TIM_PeriodElapsedCallback            0x08001829   Thumb Code    14  main.o(i.HAL_TIM_PeriodElapsedCallback)
    HAL_TIM_TriggerCallback                  0x08001837   Thumb Code     2  stm32f4xx_hal_tim.o(i.HAL_TIM_TriggerCallback)
    HAL_UART_Init                            0x08001839   Thumb Code    98  stm32f4xx_hal_uart.o(i.HAL_UART_Init)
    HAL_UART_MspInit                         0x0800189d   Thumb Code    92  usart.o(i.HAL_UART_MspInit)
    HAL_UART_Transmit                        0x08001905   Thumb Code   176  stm32f4xx_hal_uart.o(i.HAL_UART_Transmit)
    HardFault_Handler                        0x080019b5   Thumb Code     2  stm32f4xx_it.o(i.HardFault_Handler)
    Homeing_Mode                             0x080019b9   Thumb Code    76  motor.o(i.Homeing_Mode)
    M3508_Send_Currents                      0x08001a0d   Thumb Code    88  motor.o(i.M3508_Send_Currents)
    MX_CAN1_Init                             0x08001a71   Thumb Code    60  can.o(i.MX_CAN1_Init)
    MX_FREERTOS_Init                         0x08001ab5   Thumb Code    42  freertos.o(i.MX_FREERTOS_Init)
    MX_GPIO_Init                             0x08001af1   Thumb Code   136  gpio.o(i.MX_GPIO_Init)
    MX_USART2_UART_Init                      0x08001b85   Thumb Code    48  usart.o(i.MX_USART2_UART_Init)
    Max_Value_Limit                          0x08001bbd   Thumb Code    34  motor.o(i.Max_Value_Limit)
    MemManage_Handler                        0x08001bdf   Thumb Code     2  stm32f4xx_it.o(i.MemManage_Handler)
    Motor_Control                            0x08001be1   Thumb Code   536  motor.o(i.Motor_Control)
    Motor_Type_Init                          0x08001e11   Thumb Code    22  config.o(i.Motor_Type_Init)
    NMI_Handler                              0x08001e2d   Thumb Code     2  stm32f4xx_it.o(i.NMI_Handler)
    PID_Abs_Limit                            0x08001e2f   Thumb Code    34  pid.o(i.PID_Abs_Limit)
    PID_Incremental_PID_Calculation          0x08001e51   Thumb Code   180  pid.o(i.PID_Incremental_PID_Calculation)
    PID_Parameter_Init                       0x08001f09   Thumb Code    54  pid.o(i.PID_Parameter_Init)
    PID_Position_Calculate                   0x08001f45   Thumb Code   180  pid.o(i.PID_Position_Calculate)
    Pid_Init_All                             0x08001ffd   Thumb Code   326  config.o(i.Pid_Init_All)
    RM_MOTOR_Angle_Integral                  0x08002169   Thumb Code   214  motor.o(i.RM_MOTOR_Angle_Integral)
    Robot_Wheels_Adjust                      0x08002255   Thumb Code    30  chassis.o(i.Robot_Wheels_Adjust)
    Speed_Control                            0x0800227d   Thumb Code    18  motor.o(i.Speed_Control)
    StartDefaultTask                         0x08002291   Thumb Code   130  freertos.o(i.StartDefaultTask)
    StartTask02                              0x08002329   Thumb Code   102  freertos.o(i.StartTask02)
    SysTick_Handler                          0x080023b1   Thumb Code    26  cmsis_os2.o(i.SysTick_Handler)
    SystemClock_Config                       0x080023cd   Thumb Code   138  main.o(i.SystemClock_Config)
    SystemInit                               0x08002461   Thumb Code    12  system_stm32f4xx.o(i.SystemInit)
    TIM2_IRQHandler                          0x08002471   Thumb Code     6  stm32f4xx_it.o(i.TIM2_IRQHandler)
    TIM_Base_SetConfig                       0x0800247d   Thumb Code   156  stm32f4xx_hal_tim.o(i.TIM_Base_SetConfig)
    UsageFault_Handler                       0x080026c7   Thumb Code     2  stm32f4xx_it.o(i.UsageFault_Handler)
    User_Open_Can                            0x080026c9   Thumb Code   100  user_can_init.o(i.User_Open_Can)
    Velocity_Planning_MODE                   0x08002735   Thumb Code   494  motor.o(i.Velocity_Planning_MODE)
    __0printf$bare                           0x0800292d   Thumb Code     8  printfb.o(i.__0printf$bare)
    __1printf$bare                           0x0800292d   Thumb Code     0  printfb.o(i.__0printf$bare)
    __2printf                                0x0800292d   Thumb Code     0  printfb.o(i.__0printf$bare)
    __hardfp_sqrt                            0x0800295d   Thumb Code   122  sqrt.o(i.__hardfp_sqrt)
    __scatterload_copy                       0x080029d7   Thumb Code    14  handlers.o(i.__scatterload_copy)
    __scatterload_null                       0x080029e5   Thumb Code     2  handlers.o(i.__scatterload_null)
    __scatterload_zeroinit                   0x080029e7   Thumb Code    14  handlers.o(i.__scatterload_zeroinit)
    __set_errno                              0x080029f5   Thumb Code     6  errno.o(i.__set_errno)
    fputc                                    0x08002a25   Thumb Code    20  usart.o(i.fputc)
    get_motor_measure                        0x08002a3d   Thumb Code   118  motor.o(i.get_motor_measure)
    main                                     0x08002ab9   Thumb Code    34  main.o(i.main)
    osDelay                                  0x08002adb   Thumb Code    26  cmsis_os2.o(i.osDelay)
    osEventFlagsNew                          0x08002af5   Thumb Code    44  cmsis_os2.o(i.osEventFlagsNew)
    osKernelInitialize                       0x08002b21   Thumb Code    32  cmsis_os2.o(i.osKernelInitialize)
    osKernelStart                            0x08002b45   Thumb Code    48  cmsis_os2.o(i.osKernelStart)
    osThreadNew                              0x08002b7d   Thumb Code   136  cmsis_os2.o(i.osThreadNew)
    pvPortMalloc                             0x080033a5   Thumb Code   216  heap_4.o(i.pvPortMalloc)
    pxPortInitialiseStack                    0x08003481   Thumb Code    40  port.o(i.pxPortInitialiseStack)
    uxListRemove                             0x080034ad   Thumb Code    38  list.o(i.uxListRemove)
    uxTaskResetEventItemValue                0x080034d5   Thumb Code    20  tasks.o(i.uxTaskResetEventItemValue)
    vApplicationGetIdleTaskMemory            0x080034ed   Thumb Code    16  cmsis_os2.o(i.vApplicationGetIdleTaskMemory)
    vApplicationGetTimerTaskMemory           0x08003501   Thumb Code    18  cmsis_os2.o(i.vApplicationGetTimerTaskMemory)
    vListInitialise                          0x08003519   Thumb Code    22  list.o(i.vListInitialise)
    vListInitialiseItem                      0x0800352f   Thumb Code     6  list.o(i.vListInitialiseItem)
    vListInsert                              0x08003535   Thumb Code    48  list.o(i.vListInsert)
    vListInsertEnd                           0x08003565   Thumb Code    24  list.o(i.vListInsertEnd)
    vPortEnterCritical                       0x0800357d   Thumb Code    54  port.o(i.vPortEnterCritical)
    vPortExitCritical                        0x080035bd   Thumb Code    34  port.o(i.vPortExitCritical)
    vPortFree                                0x080035e5   Thumb Code    94  heap_4.o(i.vPortFree)
    vPortSetupTimerInterrupt                 0x08003649   Thumb Code    32  port.o(i.vPortSetupTimerInterrupt)
    vPortValidateInterruptPriority           0x0800366d   Thumb Code    74  port.o(i.vPortValidateInterruptPriority)
    vQueueAddToRegistry                      0x080036c1   Thumb Code    32  queue.o(i.vQueueAddToRegistry)
    vQueueWaitForMessageRestricted           0x080036e5   Thumb Code    68  queue.o(i.vQueueWaitForMessageRestricted)
    vTaskDelay                               0x08003729   Thumb Code    66  tasks.o(i.vTaskDelay)
    vTaskInternalSetTimeOutState             0x08003775   Thumb Code    12  tasks.o(i.vTaskInternalSetTimeOutState)
    vTaskMissedYield                         0x08003785   Thumb Code     8  tasks.o(i.vTaskMissedYield)
    vTaskPlaceOnEventList                    0x08003791   Thumb Code    44  tasks.o(i.vTaskPlaceOnEventList)
    vTaskPlaceOnEventListRestricted          0x080037c1   Thumb Code    52  tasks.o(i.vTaskPlaceOnEventListRestricted)
    vTaskPlaceOnUnorderedEventList           0x080037f9   Thumb Code    72  tasks.o(i.vTaskPlaceOnUnorderedEventList)
    vTaskRemoveFromUnorderedEventList        0x08003845   Thumb Code   102  tasks.o(i.vTaskRemoveFromUnorderedEventList)
    vTaskStartScheduler                      0x080038b5   Thumb Code   116  tasks.o(i.vTaskStartScheduler)
    vTaskSuspendAll                          0x08003939   Thumb Code    10  tasks.o(i.vTaskSuspendAll)
    vTaskSwitchContext                       0x08003949   Thumb Code    90  tasks.o(i.vTaskSwitchContext)
    xEventGroupCreate                        0x080039ad   Thumb Code    28  event_groups.o(i.xEventGroupCreate)
    xEventGroupCreateStatic                  0x080039c9   Thumb Code    44  event_groups.o(i.xEventGroupCreateStatic)
    xEventGroupSetBits                       0x080039f5   Thumb Code   140  event_groups.o(i.xEventGroupSetBits)
    xEventGroupWaitBits                      0x08003a81   Thumb Code   258  event_groups.o(i.xEventGroupWaitBits)
    xPortStartScheduler                      0x08003b89   Thumb Code   224  port.o(i.xPortStartScheduler)
    xPortSysTickHandler                      0x08003c7d   Thumb Code    38  port.o(i.xPortSysTickHandler)
    xQueueGenericCreateStatic                0x08003ca9   Thumb Code   102  queue.o(i.xQueueGenericCreateStatic)
    xQueueGenericReset                       0x08003d11   Thumb Code   132  queue.o(i.xQueueGenericReset)
    xQueueGenericSend                        0x08003d99   Thumb Code   350  queue.o(i.xQueueGenericSend)
    xQueueGenericSendFromISR                 0x08003efd   Thumb Code   190  queue.o(i.xQueueGenericSendFromISR)
    xQueueReceive                            0x08003fbd   Thumb Code   308  queue.o(i.xQueueReceive)
    xTaskCheckForTimeOut                     0x080040f5   Thumb Code   112  tasks.o(i.xTaskCheckForTimeOut)
    xTaskCreate                              0x08004169   Thumb Code    90  tasks.o(i.xTaskCreate)
    xTaskCreateStatic                        0x080041c3   Thumb Code    90  tasks.o(i.xTaskCreateStatic)
    xTaskGetSchedulerState                   0x0800421d   Thumb Code    22  tasks.o(i.xTaskGetSchedulerState)
    xTaskGetTickCount                        0x08004239   Thumb Code     6  tasks.o(i.xTaskGetTickCount)
    xTaskIncrementTick                       0x08004245   Thumb Code   192  tasks.o(i.xTaskIncrementTick)
    xTaskPriorityDisinherit                  0x0800430d   Thumb Code   116  tasks.o(i.xTaskPriorityDisinherit)
    xTaskRemoveFromEventList                 0x08004389   Thumb Code    98  tasks.o(i.xTaskRemoveFromEventList)
    xTaskResumeAll                           0x080043f9   Thumb Code   180  tasks.o(i.xTaskResumeAll)
    xTimerCreateTimerTask                    0x080044b9   Thumb Code    78  timers.o(i.xTimerCreateTimerTask)
    xTimerGenericCommand                     0x08004519   Thumb Code    94  timers.o(i.xTimerGenericCommand)
    defaultTask_attributes                   0x0800457c   Data          36  freertos.o(.constdata)
    myTask02_attributes                      0x080045a0   Data          36  freertos.o(.constdata)
    myEvent01_attributes                     0x080045c4   Data          16  freertos.o(.constdata)
    AHBPrescTable                            0x080045d4   Data          16  system_stm32f4xx.o(.constdata)
    APBPrescTable                            0x080045e4   Data           8  system_stm32f4xx.o(.constdata)
    Region$$Table$$Base                      0x08004610   Number         0  anon$$obj.o(Region$$Table)
    Region$$Table$$Limit                     0x08004630   Number         0  anon$$obj.o(Region$$Table)
    defaultTaskHandle                        0x20000000   Data           4  freertos.o(.data)
    myTask02Handle                           0x20000004   Data           4  freertos.o(.data)
    myEvent01Handle                          0x20000008   Data           4  freertos.o(.data)
    uwTickFreq                               0x2000000c   Data           1  stm32f4xx_hal.o(.data)
    uwTickPrio                               0x20000010   Data           4  stm32f4xx_hal.o(.data)
    uwTick                                   0x20000014   Data           4  stm32f4xx_hal.o(.data)
    SystemCoreClock                          0x20000018   Data           4  system_stm32f4xx.o(.data)
    RxData                                   0x2000001c   Data           8  user_can_init.o(.data)
    pxCurrentTCB                             0x20000028   Data           4  tasks.o(.data)
    __stdout                                 0x200000a8   Data           4  stdout.o(.data)
    hcan1                                    0x200000b0   Data          40  can.o(.bss)
    huart2                                   0x200000d8   Data          68  usart.o(.bss)
    htim2                                    0x2000011c   Data          72  stm32f4xx_hal_timebase_tim.o(.bss)
    TxHeader                                 0x20000164   Data          24  user_can_init.o(.bss)
    ROBOT_CHASSI                             0x2000017c   Data          28  chassis.o(.bss)
    MOTO_REAL_INFO                           0x20000198   Data        1152  motor.o(.bss)
    MOTOR_PID_RPM                            0x20000618   Data         512  motor.o(.bss)
    MOTOR_PID_POS                            0x20000818   Data         512  motor.o(.bss)
    xQueueRegistry                           0x20000a18   Data          64  queue.o(.bss)
    __initial_sp                             0x200056f0   Data           0  startup_stm32f407xx.o(STACK)



==============================================================================

Memory Map of the image

  Image Entry point : 0x08000189

  Load Region LR_IROM1 (Base: 0x08000000, Size: 0x000046e0, Max: 0x00100000, ABSOLUTE)

    Execution Region ER_IROM1 (Exec base: 0x08000000, Load base: 0x08000000, Size: 0x00004630, Max: 0x00100000, ABSOLUTE)

    Exec Addr    Load Addr    Size         Type   Attr      Idx    E Section Name        Object

    0x08000000   0x08000000   0x00000188   Data   RO            3    RESET               startup_stm32f407xx.o
    0x08000188   0x08000188   0x00000000   Code   RO         5423  * .ARM.Collect$$$$00000000  mc_w.l(entry.o)
    0x08000188   0x08000188   0x00000004   Code   RO         5700    .ARM.Collect$$$$00000001  mc_w.l(entry2.o)
    0x0800018c   0x0800018c   0x00000004   Code   RO         5703    .ARM.Collect$$$$00000004  mc_w.l(entry5.o)
    0x08000190   0x08000190   0x00000000   Code   RO         5705    .ARM.Collect$$$$00000008  mc_w.l(entry7b.o)
    0x08000190   0x08000190   0x00000000   Code   RO         5707    .ARM.Collect$$$$0000000A  mc_w.l(entry8b.o)
    0x08000190   0x08000190   0x00000008   Code   RO         5708    .ARM.Collect$$$$0000000B  mc_w.l(entry9a.o)
    0x08000198   0x08000198   0x00000000   Code   RO         5710    .ARM.Collect$$$$0000000D  mc_w.l(entry10a.o)
    0x08000198   0x08000198   0x00000000   Code   RO         5712    .ARM.Collect$$$$0000000F  mc_w.l(entry11a.o)
    0x08000198   0x08000198   0x00000004   Code   RO         5701    .ARM.Collect$$$$00002712  mc_w.l(entry2.o)
    0x0800019c   0x0800019c   0x000000be   Code   RO         5334    .emb_text           port.o
    0x0800025a   0x0800025a   0x00000002   PAD
    0x0800025c   0x0800025c   0x00000024   Code   RO            4    .text               startup_stm32f407xx.o
    0x08000280   0x08000280   0x00000062   Code   RO         5426    .text               mc_w.l(uldiv.o)
    0x080002e2   0x080002e2   0x00000024   Code   RO         5428    .text               mc_w.l(memcpya.o)
    0x08000306   0x08000306   0x00000024   Code   RO         5432    .text               mc_w.l(memseta.o)
    0x0800032a   0x0800032a   0x00000026   Code   RO         5696    .text               mf_w.l(f2d.o)
    0x08000350   0x08000350   0x00000038   Code   RO         5698    .text               mf_w.l(d2f.o)
    0x08000388   0x08000388   0x0000001e   Code   RO         5717    .text               mc_w.l(llshl.o)
    0x080003a6   0x080003a6   0x00000020   Code   RO         5719    .text               mc_w.l(llushr.o)
    0x080003c6   0x080003c6   0x00000000   Code   RO         5728    .text               mc_w.l(iusefp.o)
    0x080003c6   0x080003c6   0x0000006e   Code   RO         5729    .text               mf_w.l(fepilogue.o)
    0x08000434   0x08000434   0x000000a2   Code   RO         5737    .text               mf_w.l(dsqrt.o)
    0x080004d6   0x080004d6   0x00000002   PAD
    0x080004d8   0x080004d8   0x00000024   Code   RO         5745    .text               mc_w.l(init.o)
    0x080004fc   0x080004fc   0x000000ba   Code   RO         5749    .text               mf_w.l(depilogue.o)
    0x080005b6   0x080005b6   0x00000002   Code   RO          404    i.BusFault_Handler  stm32f4xx_it.o
    0x080005b8   0x080005b8   0x0000000c   Code   RO          405    i.CAN1_RX0_IRQHandler  stm32f4xx_it.o
    0x080005c4   0x080005c4   0x00000002   Code   RO          406    i.DebugMon_Handler  stm32f4xx_it.o
    0x080005c6   0x080005c6   0x00000004   Code   RO           13    i.Error_Handler     main.o
    0x080005ca   0x080005ca   0x00000024   Code   RO          628    i.HAL_CAN_ActivateNotification  stm32f4xx_hal_can.o
    0x080005ee   0x080005ee   0x000000c8   Code   RO          629    i.HAL_CAN_AddTxMessage  stm32f4xx_hal_can.o
    0x080006b6   0x080006b6   0x00000002   PAD
    0x080006b8   0x080006b8   0x0000010c   Code   RO          630    i.HAL_CAN_ConfigFilter  stm32f4xx_hal_can.o
    0x080007c4   0x080007c4   0x00000002   Code   RO          633    i.HAL_CAN_ErrorCallback  stm32f4xx_hal_can.o
    0x080007c6   0x080007c6   0x000000e8   Code   RO          636    i.HAL_CAN_GetRxMessage  stm32f4xx_hal_can.o
    0x080008ae   0x080008ae   0x000001fc   Code   RO          640    i.HAL_CAN_IRQHandler  stm32f4xx_hal_can.o
    0x08000aaa   0x08000aaa   0x0000011a   Code   RO          641    i.HAL_CAN_Init      stm32f4xx_hal_can.o
    0x08000bc4   0x08000bc4   0x0000007c   Code   RO          309    i.HAL_CAN_MspInit   can.o
    0x08000c40   0x08000c40   0x00000002   Code   RO          648    i.HAL_CAN_RxFifo0FullCallback  stm32f4xx_hal_can.o
    0x08000c42   0x08000c42   0x00000002   PAD
    0x08000c44   0x08000c44   0x0000003c   Code   RO         3409    i.HAL_CAN_RxFifo0MsgPendingCallback  user_can_init.o
    0x08000c80   0x08000c80   0x00000002   Code   RO          650    i.HAL_CAN_RxFifo1FullCallback  stm32f4xx_hal_can.o
    0x08000c82   0x08000c82   0x00000002   Code   RO          651    i.HAL_CAN_RxFifo1MsgPendingCallback  stm32f4xx_hal_can.o
    0x08000c84   0x08000c84   0x00000002   Code   RO          652    i.HAL_CAN_SleepCallback  stm32f4xx_hal_can.o
    0x08000c86   0x08000c86   0x00000056   Code   RO          653    i.HAL_CAN_Start     stm32f4xx_hal_can.o
    0x08000cdc   0x08000cdc   0x00000002   Code   RO          655    i.HAL_CAN_TxMailbox0AbortCallback  stm32f4xx_hal_can.o
    0x08000cde   0x08000cde   0x00000002   Code   RO          656    i.HAL_CAN_TxMailbox0CompleteCallback  stm32f4xx_hal_can.o
    0x08000ce0   0x08000ce0   0x00000002   Code   RO          657    i.HAL_CAN_TxMailbox1AbortCallback  stm32f4xx_hal_can.o
    0x08000ce2   0x08000ce2   0x00000002   Code   RO          658    i.HAL_CAN_TxMailbox1CompleteCallback  stm32f4xx_hal_can.o
    0x08000ce4   0x08000ce4   0x00000002   Code   RO          659    i.HAL_CAN_TxMailbox2AbortCallback  stm32f4xx_hal_can.o
    0x08000ce6   0x08000ce6   0x00000002   Code   RO          660    i.HAL_CAN_TxMailbox2CompleteCallback  stm32f4xx_hal_can.o
    0x08000ce8   0x08000ce8   0x00000002   Code   RO          662    i.HAL_CAN_WakeUpFromRxMsgCallback  stm32f4xx_hal_can.o
    0x08000cea   0x08000cea   0x00000002   PAD
    0x08000cec   0x08000cec   0x000001d0   Code   RO         1216    i.HAL_GPIO_Init     stm32f4xx_hal_gpio.o
    0x08000ebc   0x08000ebc   0x0000000a   Code   RO         1218    i.HAL_GPIO_ReadPin  stm32f4xx_hal_gpio.o
    0x08000ec6   0x08000ec6   0x0000000a   Code   RO         1220    i.HAL_GPIO_WritePin  stm32f4xx_hal_gpio.o
    0x08000ed0   0x08000ed0   0x0000000c   Code   RO         1748    i.HAL_GetTick       stm32f4xx_hal.o
    0x08000edc   0x08000edc   0x00000010   Code   RO         1754    i.HAL_IncTick       stm32f4xx_hal.o
    0x08000eec   0x08000eec   0x00000034   Code   RO         1755    i.HAL_Init          stm32f4xx_hal.o
    0x08000f20   0x08000f20   0x00000098   Code   RO          498    i.HAL_InitTick      stm32f4xx_hal_timebase_tim.o
    0x08000fb8   0x08000fb8   0x00000038   Code   RO          474    i.HAL_MspInit       stm32f4xx_hal_msp.o
    0x08000ff0   0x08000ff0   0x0000001a   Code   RO         1605    i.HAL_NVIC_EnableIRQ  stm32f4xx_hal_cortex.o
    0x0800100a   0x0800100a   0x00000002   PAD
    0x0800100c   0x0800100c   0x00000040   Code   RO         1611    i.HAL_NVIC_SetPriority  stm32f4xx_hal_cortex.o
    0x0800104c   0x0800104c   0x00000024   Code   RO         1612    i.HAL_NVIC_SetPriorityGrouping  stm32f4xx_hal_cortex.o
    0x08001070   0x08001070   0x00000134   Code   RO          862    i.HAL_RCC_ClockConfig  stm32f4xx_hal_rcc.o
    0x080011a4   0x080011a4   0x00000040   Code   RO          866    i.HAL_RCC_GetClockConfig  stm32f4xx_hal_rcc.o
    0x080011e4   0x080011e4   0x00000020   Code   RO          869    i.HAL_RCC_GetPCLK1Freq  stm32f4xx_hal_rcc.o
    0x08001204   0x08001204   0x00000020   Code   RO          870    i.HAL_RCC_GetPCLK2Freq  stm32f4xx_hal_rcc.o
    0x08001224   0x08001224   0x00000060   Code   RO          871    i.HAL_RCC_GetSysClockFreq  stm32f4xx_hal_rcc.o
    0x08001284   0x08001284   0x00000358   Code   RO          874    i.HAL_RCC_OscConfig  stm32f4xx_hal_rcc.o
    0x080015dc   0x080015dc   0x00000002   Code   RO         2699    i.HAL_TIMEx_BreakCallback  stm32f4xx_hal_tim_ex.o
    0x080015de   0x080015de   0x00000002   Code   RO         2700    i.HAL_TIMEx_CommutCallback  stm32f4xx_hal_tim_ex.o
    0x080015e0   0x080015e0   0x0000005a   Code   RO         1995    i.HAL_TIM_Base_Init  stm32f4xx_hal_tim.o
    0x0800163a   0x0800163a   0x00000002   Code   RO         1997    i.HAL_TIM_Base_MspInit  stm32f4xx_hal_tim.o
    0x0800163c   0x0800163c   0x00000080   Code   RO         2000    i.HAL_TIM_Base_Start_IT  stm32f4xx_hal_tim.o
    0x080016bc   0x080016bc   0x00000002   Code   RO         2029    i.HAL_TIM_IC_CaptureCallback  stm32f4xx_hal_tim.o
    0x080016be   0x080016be   0x00000166   Code   RO         2043    i.HAL_TIM_IRQHandler  stm32f4xx_hal_tim.o
    0x08001824   0x08001824   0x00000002   Code   RO         2046    i.HAL_TIM_OC_DelayElapsedCallback  stm32f4xx_hal_tim.o
    0x08001826   0x08001826   0x00000002   Code   RO         2073    i.HAL_TIM_PWM_PulseFinishedCallback  stm32f4xx_hal_tim.o
    0x08001828   0x08001828   0x0000000e   Code   RO           14    i.HAL_TIM_PeriodElapsedCallback  main.o
    0x08001836   0x08001836   0x00000002   Code   RO         2086    i.HAL_TIM_TriggerCallback  stm32f4xx_hal_tim.o
    0x08001838   0x08001838   0x00000062   Code   RO         2995    i.HAL_UART_Init     stm32f4xx_hal_uart.o
    0x0800189a   0x0800189a   0x00000002   PAD
    0x0800189c   0x0800189c   0x00000068   Code   RO          351    i.HAL_UART_MspInit  usart.o
    0x08001904   0x08001904   0x000000b0   Code   RO         3003    i.HAL_UART_Transmit  stm32f4xx_hal_uart.o
    0x080019b4   0x080019b4   0x00000002   Code   RO          407    i.HardFault_Handler  stm32f4xx_it.o
    0x080019b6   0x080019b6   0x00000002   PAD
    0x080019b8   0x080019b8   0x00000054   Code   RO         3484    i.Homeing_Mode      motor.o
    0x08001a0c   0x08001a0c   0x00000064   Code   RO         3485    i.M3508_Send_Currents  motor.o
    0x08001a70   0x08001a70   0x00000044   Code   RO          310    i.MX_CAN1_Init      can.o
    0x08001ab4   0x08001ab4   0x0000003c   Code   RO          249    i.MX_FREERTOS_Init  freertos.o
    0x08001af0   0x08001af0   0x00000094   Code   RO          225    i.MX_GPIO_Init      gpio.o
    0x08001b84   0x08001b84   0x00000038   Code   RO          352    i.MX_USART2_UART_Init  usart.o
    0x08001bbc   0x08001bbc   0x00000022   Code   RO         3486    i.Max_Value_Limit   motor.o
    0x08001bde   0x08001bde   0x00000002   Code   RO          408    i.MemManage_Handler  stm32f4xx_it.o
    0x08001be0   0x08001be0   0x00000230   Code   RO         3487    i.Motor_Control     motor.o
    0x08001e10   0x08001e10   0x0000001c   Code   RO         3591    i.Motor_Type_Init   config.o
    0x08001e2c   0x08001e2c   0x00000002   Code   RO          409    i.NMI_Handler       stm32f4xx_it.o
    0x08001e2e   0x08001e2e   0x00000022   Code   RO         3361    i.PID_Abs_Limit     pid.o
    0x08001e50   0x08001e50   0x000000b8   Code   RO         3362    i.PID_Incremental_PID_Calculation  pid.o
    0x08001f08   0x08001f08   0x0000003c   Code   RO         3363    i.PID_Parameter_Init  pid.o
    0x08001f44   0x08001f44   0x000000b8   Code   RO         3364    i.PID_Position_Calculate  pid.o
    0x08001ffc   0x08001ffc   0x0000016c   Code   RO         3592    i.Pid_Init_All      config.o
    0x08002168   0x08002168   0x000000ec   Code   RO         3490    i.RM_MOTOR_Angle_Integral  motor.o
    0x08002254   0x08002254   0x00000028   Code   RO         3451    i.Robot_Wheels_Adjust  chassis.o
    0x0800227c   0x0800227c   0x00000012   Code   RO         3491    i.Speed_Control     motor.o
    0x0800228e   0x0800228e   0x00000002   PAD
    0x08002290   0x08002290   0x00000098   Code   RO          250    i.StartDefaultTask  freertos.o
    0x08002328   0x08002328   0x00000088   Code   RO          251    i.StartTask02       freertos.o
    0x080023b0   0x080023b0   0x0000001a   Code   RO         4762    i.SysTick_Handler   cmsis_os2.o
    0x080023ca   0x080023ca   0x00000002   PAD
    0x080023cc   0x080023cc   0x00000094   Code   RO           15    i.SystemClock_Config  main.o
    0x08002460   0x08002460   0x00000010   Code   RO         3324    i.SystemInit        system_stm32f4xx.o
    0x08002470   0x08002470   0x0000000c   Code   RO          410    i.TIM2_IRQHandler   stm32f4xx_it.o
    0x0800247c   0x0800247c   0x000000c8   Code   RO         2088    i.TIM_Base_SetConfig  stm32f4xx_hal_tim.o
    0x08002544   0x08002544   0x0000010c   Code   RO         3021    i.UART_SetConfig    stm32f4xx_hal_uart.o
    0x08002650   0x08002650   0x00000076   Code   RO         3024    i.UART_WaitOnFlagUntilTimeout  stm32f4xx_hal_uart.o
    0x080026c6   0x080026c6   0x00000002   Code   RO          411    i.UsageFault_Handler  stm32f4xx_it.o
    0x080026c8   0x080026c8   0x0000006c   Code   RO         3410    i.User_Open_Can     user_can_init.o
    0x08002734   0x08002734   0x000001f8   Code   RO         3493    i.Velocity_Planning_MODE  motor.o
    0x0800292c   0x0800292c   0x00000010   Code   RO         5437    i.__0printf$bare    mc_w.l(printfb.o)
    0x0800293c   0x0800293c   0x00000020   Code   RO         1618    i.__NVIC_SetPriority  stm32f4xx_hal_cortex.o
    0x0800295c   0x0800295c   0x0000007a   Code   RO         5411    i.__hardfp_sqrt     m_wm.l(sqrt.o)
    0x080029d6   0x080029d6   0x0000000e   Code   RO         5753    i.__scatterload_copy  mc_w.l(handlers.o)
    0x080029e4   0x080029e4   0x00000002   Code   RO         5754    i.__scatterload_null  mc_w.l(handlers.o)
    0x080029e6   0x080029e6   0x0000000e   Code   RO         5755    i.__scatterload_zeroinit  mc_w.l(handlers.o)
    0x080029f4   0x080029f4   0x0000000c   Code   RO         5723    i.__set_errno       mc_w.l(errno.o)
    0x08002a00   0x08002a00   0x00000022   Code   RO         5444    i._printf_core      mc_w.l(printfb.o)
    0x08002a22   0x08002a22   0x00000002   PAD
    0x08002a24   0x08002a24   0x00000018   Code   RO          354    i.fputc             usart.o
    0x08002a3c   0x08002a3c   0x0000007c   Code   RO         3495    i.get_motor_measure  motor.o
    0x08002ab8   0x08002ab8   0x00000022   Code   RO           16    i.main              main.o
    0x08002ada   0x08002ada   0x0000001a   Code   RO         4764    i.osDelay           cmsis_os2.o
    0x08002af4   0x08002af4   0x0000002c   Code   RO         4769    i.osEventFlagsNew   cmsis_os2.o
    0x08002b20   0x08002b20   0x00000024   Code   RO         4778    i.osKernelInitialize  cmsis_os2.o
    0x08002b44   0x08002b44   0x00000038   Code   RO         4781    i.osKernelStart     cmsis_os2.o
    0x08002b7c   0x08002b7c   0x00000088   Code   RO         4823    i.osThreadNew       cmsis_os2.o
    0x08002c04   0x08002c04   0x0000005c   Code   RO         4223    i.prvAddCurrentTaskToDelayedList  tasks.o
    0x08002c60   0x08002c60   0x000000d0   Code   RO         4224    i.prvAddNewTaskToReadyList  tasks.o
    0x08002d30   0x08002d30   0x00000058   Code   RO         4588    i.prvCheckForValidListAndQueue  timers.o
    0x08002d88   0x08002d88   0x00000026   Code   RO         3820    i.prvCopyDataFromQueue  queue.o
    0x08002dae   0x08002dae   0x0000006c   Code   RO         3821    i.prvCopyDataToQueue  queue.o
    0x08002e1a   0x08002e1a   0x00000034   Code   RO         4225    i.prvDeleteTCB      tasks.o
    0x08002e4e   0x08002e4e   0x00000002   PAD
    0x08002e50   0x08002e50   0x0000004c   Code   RO         5279    i.prvHeapInit       heap_4.o
    0x08002e9c   0x08002e9c   0x0000005c   Code   RO         4226    i.prvIdleTask       tasks.o
    0x08002ef8   0x08002ef8   0x00000020   Code   RO         3823    i.prvInitialiseNewQueue  queue.o
    0x08002f18   0x08002f18   0x000000aa   Code   RO         4227    i.prvInitialiseNewTask  tasks.o
    0x08002fc2   0x08002fc2   0x00000002   PAD
    0x08002fc4   0x08002fc4   0x0000004c   Code   RO         5280    i.prvInsertBlockIntoFreeList  heap_4.o
    0x08003010   0x08003010   0x00000038   Code   RO         4590    i.prvInsertTimerInActiveList  timers.o
    0x08003048   0x08003048   0x0000001a   Code   RO         3824    i.prvIsQueueEmpty   queue.o
    0x08003062   0x08003062   0x00000002   PAD
    0x08003064   0x08003064   0x000000fc   Code   RO         4591    i.prvProcessReceivedCommands  timers.o
    0x08003160   0x08003160   0x000000c0   Code   RO         4592    i.prvProcessTimerOrBlockTask  timers.o
    0x08003220   0x08003220   0x00000020   Code   RO         4229    i.prvResetNextTaskUnblockTime  tasks.o
    0x08003240   0x08003240   0x00000028   Code   RO         4593    i.prvSampleTimeNow  timers.o
    0x08003268   0x08003268   0x0000006c   Code   RO         4594    i.prvSwitchTimerLists  timers.o
    0x080032d4   0x080032d4   0x00000028   Code   RO         5335    i.prvTaskExitError  port.o
    0x080032fc   0x080032fc   0x00000014   Code   RO         3658    i.prvTestWaitCondition  event_groups.o
    0x08003310   0x08003310   0x00000028   Code   RO         4595    i.prvTimerTask      timers.o
    0x08003338   0x08003338   0x0000006a   Code   RO         3825    i.prvUnlockQueue    queue.o
    0x080033a2   0x080033a2   0x00000002   PAD
    0x080033a4   0x080033a4   0x000000dc   Code   RO         5281    i.pvPortMalloc      heap_4.o
    0x08003480   0x08003480   0x0000002c   Code   RO         5336    i.pxPortInitialiseStack  port.o
    0x080034ac   0x080034ac   0x00000026   Code   RO         3780    i.uxListRemove      list.o
    0x080034d2   0x080034d2   0x00000002   PAD
    0x080034d4   0x080034d4   0x00000018   Code   RO         4241    i.uxTaskResetEventItemValue  tasks.o
    0x080034ec   0x080034ec   0x00000014   Code   RO         4835    i.vApplicationGetIdleTaskMemory  cmsis_os2.o
    0x08003500   0x08003500   0x00000018   Code   RO         4836    i.vApplicationGetTimerTaskMemory  cmsis_os2.o
    0x08003518   0x08003518   0x00000016   Code   RO         3781    i.vListInitialise   list.o
    0x0800352e   0x0800352e   0x00000006   Code   RO         3782    i.vListInitialiseItem  list.o
    0x08003534   0x08003534   0x00000030   Code   RO         3783    i.vListInsert       list.o
    0x08003564   0x08003564   0x00000018   Code   RO         3784    i.vListInsertEnd    list.o
    0x0800357c   0x0800357c   0x00000040   Code   RO         5338    i.vPortEnterCritical  port.o
    0x080035bc   0x080035bc   0x00000028   Code   RO         5339    i.vPortExitCritical  port.o
    0x080035e4   0x080035e4   0x00000064   Code   RO         5282    i.vPortFree         heap_4.o
    0x08003648   0x08003648   0x00000024   Code   RO         5340    i.vPortSetupTimerInterrupt  port.o
    0x0800366c   0x0800366c   0x00000054   Code   RO         5341    i.vPortValidateInterruptPriority  port.o
    0x080036c0   0x080036c0   0x00000024   Code   RO         3831    i.vQueueAddToRegistry  queue.o
    0x080036e4   0x080036e4   0x00000044   Code   RO         3835    i.vQueueWaitForMessageRestricted  queue.o
    0x08003728   0x08003728   0x0000004c   Code   RO         4242    i.vTaskDelay        tasks.o
    0x08003774   0x08003774   0x00000010   Code   RO         4247    i.vTaskInternalSetTimeOutState  tasks.o
    0x08003784   0x08003784   0x0000000c   Code   RO         4248    i.vTaskMissedYield  tasks.o
    0x08003790   0x08003790   0x00000030   Code   RO         4250    i.vTaskPlaceOnEventList  tasks.o
    0x080037c0   0x080037c0   0x00000038   Code   RO         4251    i.vTaskPlaceOnEventListRestricted  tasks.o
    0x080037f8   0x080037f8   0x0000004c   Code   RO         4252    i.vTaskPlaceOnUnorderedEventList  tasks.o
    0x08003844   0x08003844   0x00000070   Code   RO         4255    i.vTaskRemoveFromUnorderedEventList  tasks.o
    0x080038b4   0x080038b4   0x00000084   Code   RO         4259    i.vTaskStartScheduler  tasks.o
    0x08003938   0x08003938   0x00000010   Code   RO         4261    i.vTaskSuspendAll   tasks.o
    0x08003948   0x08003948   0x00000064   Code   RO         4262    i.vTaskSwitchContext  tasks.o
    0x080039ac   0x080039ac   0x0000001c   Code   RO         3666    i.xEventGroupCreate  event_groups.o
    0x080039c8   0x080039c8   0x0000002c   Code   RO         3667    i.xEventGroupCreateStatic  event_groups.o
    0x080039f4   0x080039f4   0x0000008c   Code   RO         3669    i.xEventGroupSetBits  event_groups.o
    0x08003a80   0x08003a80   0x00000108   Code   RO         3672    i.xEventGroupWaitBits  event_groups.o
    0x08003b88   0x08003b88   0x000000f4   Code   RO         5342    i.xPortStartScheduler  port.o
    0x08003c7c   0x08003c7c   0x0000002c   Code   RO         5343    i.xPortSysTickHandler  port.o
    0x08003ca8   0x08003ca8   0x00000066   Code   RO         3841    i.xQueueGenericCreateStatic  queue.o
    0x08003d0e   0x08003d0e   0x00000002   PAD
    0x08003d10   0x08003d10   0x00000088   Code   RO         3842    i.xQueueGenericReset  queue.o
    0x08003d98   0x08003d98   0x00000164   Code   RO         3843    i.xQueueGenericSend  queue.o
    0x08003efc   0x08003efc   0x000000be   Code   RO         3844    i.xQueueGenericSendFromISR  queue.o
    0x08003fba   0x08003fba   0x00000002   PAD
    0x08003fbc   0x08003fbc   0x00000138   Code   RO         3853    i.xQueueReceive     queue.o
    0x080040f4   0x080040f4   0x00000074   Code   RO         4264    i.xTaskCheckForTimeOut  tasks.o
    0x08004168   0x08004168   0x0000005a   Code   RO         4265    i.xTaskCreate       tasks.o
    0x080041c2   0x080041c2   0x0000005a   Code   RO         4266    i.xTaskCreateStatic  tasks.o
    0x0800421c   0x0800421c   0x0000001c   Code   RO         4270    i.xTaskGetSchedulerState  tasks.o
    0x08004238   0x08004238   0x0000000c   Code   RO         4271    i.xTaskGetTickCount  tasks.o
    0x08004244   0x08004244   0x000000c8   Code   RO         4273    i.xTaskIncrementTick  tasks.o
    0x0800430c   0x0800430c   0x0000007c   Code   RO         4276    i.xTaskPriorityDisinherit  tasks.o
    0x08004388   0x08004388   0x00000070   Code   RO         4278    i.xTaskRemoveFromEventList  tasks.o
    0x080043f8   0x080043f8   0x000000c0   Code   RO         4279    i.xTaskResumeAll    tasks.o
    0x080044b8   0x080044b8   0x00000060   Code   RO         4604    i.xTimerCreateTimerTask  timers.o
    0x08004518   0x08004518   0x00000064   Code   RO         4605    i.xTimerGenericCommand  timers.o
    0x0800457c   0x0800457c   0x00000058   Data   RO          252    .constdata          freertos.o
    0x080045d4   0x080045d4   0x00000010   Data   RO         3325    .constdata          system_stm32f4xx.o
    0x080045e4   0x080045e4   0x00000008   Data   RO         3326    .constdata          system_stm32f4xx.o
    0x080045ec   0x080045ec   0x00000024   Data   RO          253    .conststring        freertos.o
    0x08004610   0x08004610   0x00000020   Data   RO         5751    Region$$Table       anon$$obj.o


    Execution Region RW_IRAM2 (Exec base: 0x10000000, Load base: 0x080046e0, Size: 0x00000000, Max: 0x00010000, ABSOLUTE)

    **** No section assigned to this execution region ****


    Execution Region RW_IRAM1 (Exec base: 0x20000000, Load base: 0x08004630, Size: 0x000056f0, Max: 0x00020000, ABSOLUTE)

    Exec Addr    Load Addr    Size         Type   Attr      Idx    E Section Name        Object

    0x20000000   0x08004630   0x0000000c   Data   RW          254    .data               freertos.o
    0x2000000c   0x0800463c   0x0000000c   Data   RW         1762    .data               stm32f4xx_hal.o
    0x20000018   0x08004648   0x00000004   Data   RW         3327    .data               system_stm32f4xx.o
    0x2000001c   0x0800464c   0x00000008   Data   RW         3413    .data               user_can_init.o
    0x20000024   0x08004654   0x00000004   Data   RW         3497    .data               motor.o
    0x20000028   0x08004658   0x0000003c   Data   RW         4282    .data               tasks.o
    0x20000064   0x08004694   0x00000014   Data   RW         4613    .data               timers.o
    0x20000078   0x080046a8   0x00000004   Data   RW         4838    .data               cmsis_os2.o
    0x2000007c   0x080046ac   0x00000020   Data   RW         5288    .data               heap_4.o
    0x2000009c   0x080046cc   0x0000000c   Data   RW         5344    .data               port.o
    0x200000a8   0x080046d8   0x00000004   Data   RW         5714    .data               mc_w.l(stdout.o)
    0x200000ac   0x080046dc   0x00000004   Data   RW         5724    .data               mc_w.l(errno.o)
    0x200000b0        -       0x00000028   Zero   RW          311    .bss                can.o
    0x200000d8        -       0x00000044   Zero   RW          355    .bss                usart.o
    0x2000011c        -       0x00000048   Zero   RW          501    .bss                stm32f4xx_hal_timebase_tim.o
    0x20000164        -       0x00000018   Zero   RW         3411    .bss                user_can_init.o
    0x2000017c        -       0x0000001c   Zero   RW         3453    .bss                chassis.o
    0x20000198        -       0x00000880   Zero   RW         3496    .bss                motor.o
    0x20000a18        -       0x00000040   Zero   RW         3857    .bss                queue.o
    0x20000a58        -       0x000004c4   Zero   RW         4281    .bss                tasks.o
    0x20000f1c        -       0x00000118   Zero   RW         4612    .bss                timers.o
    0x20001034        -       0x000006b8   Zero   RW         4837    .bss                cmsis_os2.o
    0x200016ec        -       0x00003c00   Zero   RW         5287    .bss                heap_4.o
    0x200052ec   0x080046e0   0x00000004   PAD
    0x200052f0        -       0x00000400   Zero   RW            1    STACK               startup_stm32f407xx.o


==============================================================================

Image component sizes


      Code (inc. data)   RO Data    RW Data    ZI Data      Debug   Object Name

       192         22          0          0         40       1681   can.o
        40         10          0          0         28        953   chassis.o
       368         22          0          4       1720      66365   cmsis_os2.o
       392         44          0          0          0       1033   config.o
         0          0          0          0          0       7048   croutine.o
       496          6          0          0          0      26241   event_groups.o
       348         74        124         12          0       3434   freertos.o
       148         12          0          0          0        963   gpio.o
       472         24          0         32      15360       4939   heap_4.o
       138          0          0          0          0       3534   list.o
       200         10          0          0          0     712062   main.o
      1660         92          0          4       2176       7019   motor.o
       462         14          0          0          0       3028   pid.o
       786         80          0         12          0      11481   port.o
      1510         18          0          0         64      17424   queue.o
        36          8        392          0       1024        832   startup_stm32f407xx.o
        80         14          0         12          0       8074   stm32f4xx_hal.o
      1636          6          0          0          0      14559   stm32f4xx_hal_can.o
       158         14          0          0          0      33114   stm32f4xx_hal_cortex.o
       484         46          0          0          0       2951   stm32f4xx_hal_gpio.o
        56          4          0          0          0        858   stm32f4xx_hal_msp.o
      1388         82          0          0          0       6029   stm32f4xx_hal_rcc.o
       786         72          0          0          0       7520   stm32f4xx_hal_tim.o
         4          0          0          0          0       1645   stm32f4xx_hal_tim_ex.o
       152         18          0          0         72     697547   stm32f4xx_hal_timebase_tim.o
       660         10          0          0          0       4196   stm32f4xx_hal_uart.o
        36         12          0          0          0       3689   stm32f4xx_it.o
         0          0          0          0          0        392   stream_buffer.o
        16          4         24          4          0       1127   system_stm32f4xx.o
      2278        178          0         60       1220      29453   tasks.o
       972         82          0         20        280      32139   timers.o
       184         24          0          0         68       2230   usart.o
       168         18          0          8         24       1835   user_can_init.o

    ----------------------------------------------------------------------
     16338       1020        572        168      22080    1715395   Object Totals
         0          0         32          0          0          0   (incl. Generated)
        32          0          0          0          4          0   (incl. Padding)

    ----------------------------------------------------------------------

      Code (inc. data)   RO Data    RW Data    ZI Data      Debug   Library Member Name

       122          0          0          0          0        148   sqrt.o
         0          0          0          0          0          0   entry.o
         0          0          0          0          0          0   entry10a.o
         0          0          0          0          0          0   entry11a.o
         8          4          0          0          0          0   entry2.o
         4          0          0          0          0          0   entry5.o
         0          0          0          0          0          0   entry7b.o
         0          0          0          0          0          0   entry8b.o
         8          4          0          0          0          0   entry9a.o
        12          6          0          4          0         68   errno.o
        30          0          0          0          0          0   handlers.o
        36          8          0          0          0         68   init.o
         0          0          0          0          0          0   iusefp.o
        30          0          0          0          0         68   llshl.o
        32          0          0          0          0         68   llushr.o
        36          0          0          0          0         68   memcpya.o
        36          0          0          0          0        108   memseta.o
        50          8          0          0          0        152   printfb.o
         0          0          0          4          0          0   stdout.o
        98          0          0          0          0         92   uldiv.o
        56          0          0          0          0         88   d2f.o
       186          0          0          0          0        176   depilogue.o
       162          0          0          0          0        100   dsqrt.o
        38          0          0          0          0         68   f2d.o
       110          0          0          0          0        168   fepilogue.o

    ----------------------------------------------------------------------
      1058         30          0          8          0       1440   Library Totals
         4          0          0          0          0          0   (incl. Padding)

    ----------------------------------------------------------------------

      Code (inc. data)   RO Data    RW Data    ZI Data      Debug   Library Name

       122          0          0          0          0        148   m_wm.l
       380         30          0          8          0        692   mc_w.l
       552          0          0          0          0        600   mf_w.l

    ----------------------------------------------------------------------
      1058         30          0          8          0       1440   Library Totals

    ----------------------------------------------------------------------

==============================================================================


      Code (inc. data)   RO Data    RW Data    ZI Data      Debug   

     17396       1050        572        176      22080    1700867   Grand Totals
     17396       1050        572        176      22080    1700867   ELF Image Totals
     17396       1050        572        176          0          0   ROM Totals

==============================================================================

    Total RO  Size (Code + RO Data)                17968 (  17.55kB)
    Total RW  Size (RW Data + ZI Data)             22256 (  21.73kB)
    Total ROM Size (Code + RO Data + RW Data)      18144 (  17.72kB)

==============================================================================

